Archive member included to satisfy reference by file (symbol)

c:/st/stm32cubeide_1.12.1/stm32cubeide/plugins/com.st.stm32cube.ide.mcu.externaltools.gnu-tools-for-stm32.10.3-2021.10.win32_1.0.200.202301161003/tools/bin/../lib/gcc/arm-none-eabi/10.3.1/../../../../arm-none-eabi/lib/thumb/v7e-m+fp/hard\libc_nano.a(lib_a-errno.o)
                              ./Core/Src/main.o (__errno)
c:/st/stm32cubeide_1.12.1/stm32cubeide/plugins/com.st.stm32cube.ide.mcu.externaltools.gnu-tools-for-stm32.10.3-2021.10.win32_1.0.200.202301161003/tools/bin/../lib/gcc/arm-none-eabi/10.3.1/../../../../arm-none-eabi/lib/thumb/v7e-m+fp/hard\libc_nano.a(lib_a-exit.o)
                              c:/st/stm32cubeide_1.12.1/stm32cubeide/plugins/com.st.stm32cube.ide.mcu.externaltools.gnu-tools-for-stm32.10.3-2021.10.win32_1.0.200.202301161003/tools/bin/../lib/gcc/arm-none-eabi/10.3.1/../../../../arm-none-eabi/lib/thumb/v7e-m+fp/hard/crt0.o (exit)
c:/st/stm32cubeide_1.12.1/stm32cubeide/plugins/com.st.stm32cube.ide.mcu.externaltools.gnu-tools-for-stm32.10.3-2021.10.win32_1.0.200.202301161003/tools/bin/../lib/gcc/arm-none-eabi/10.3.1/../../../../arm-none-eabi/lib/thumb/v7e-m+fp/hard\libc_nano.a(lib_a-impure.o)
                              c:/st/stm32cubeide_1.12.1/stm32cubeide/plugins/com.st.stm32cube.ide.mcu.externaltools.gnu-tools-for-stm32.10.3-2021.10.win32_1.0.200.202301161003/tools/bin/../lib/gcc/arm-none-eabi/10.3.1/../../../../arm-none-eabi/lib/thumb/v7e-m+fp/hard\libc_nano.a(lib_a-exit.o) (_global_impure_ptr)
c:/st/stm32cubeide_1.12.1/stm32cubeide/plugins/com.st.stm32cube.ide.mcu.externaltools.gnu-tools-for-stm32.10.3-2021.10.win32_1.0.200.202301161003/tools/bin/../lib/gcc/arm-none-eabi/10.3.1/../../../../arm-none-eabi/lib/thumb/v7e-m+fp/hard\libc_nano.a(lib_a-init.o)
                              c:/st/stm32cubeide_1.12.1/stm32cubeide/plugins/com.st.stm32cube.ide.mcu.externaltools.gnu-tools-for-stm32.10.3-2021.10.win32_1.0.200.202301161003/tools/bin/../lib/gcc/arm-none-eabi/10.3.1/../../../../arm-none-eabi/lib/thumb/v7e-m+fp/hard/crt0.o (__libc_init_array)
c:/st/stm32cubeide_1.12.1/stm32cubeide/plugins/com.st.stm32cube.ide.mcu.externaltools.gnu-tools-for-stm32.10.3-2021.10.win32_1.0.200.202301161003/tools/bin/../lib/gcc/arm-none-eabi/10.3.1/../../../../arm-none-eabi/lib/thumb/v7e-m+fp/hard\libc_nano.a(lib_a-memset.o)
                              c:/st/stm32cubeide_1.12.1/stm32cubeide/plugins/com.st.stm32cube.ide.mcu.externaltools.gnu-tools-for-stm32.10.3-2021.10.win32_1.0.200.202301161003/tools/bin/../lib/gcc/arm-none-eabi/10.3.1/../../../../arm-none-eabi/lib/thumb/v7e-m+fp/hard/crt0.o (memset)
c:/st/stm32cubeide_1.12.1/stm32cubeide/plugins/com.st.stm32cube.ide.mcu.externaltools.gnu-tools-for-stm32.10.3-2021.10.win32_1.0.200.202301161003/tools/bin/../lib/gcc/arm-none-eabi/10.3.1/../../../../arm-none-eabi/lib/thumb/v7e-m+fp/hard\libc_nano.a(lib_a-printf.o)
                              ./Core/Src/Carl.o (printf)
c:/st/stm32cubeide_1.12.1/stm32cubeide/plugins/com.st.stm32cube.ide.mcu.externaltools.gnu-tools-for-stm32.10.3-2021.10.win32_1.0.200.202301161003/tools/bin/../lib/gcc/arm-none-eabi/10.3.1/../../../../arm-none-eabi/lib/thumb/v7e-m+fp/hard\libc_nano.a(lib_a-puts.o)
                              ./Core/Src/Carl.o (puts)
c:/st/stm32cubeide_1.12.1/stm32cubeide/plugins/com.st.stm32cube.ide.mcu.externaltools.gnu-tools-for-stm32.10.3-2021.10.win32_1.0.200.202301161003/tools/bin/../lib/gcc/arm-none-eabi/10.3.1/../../../../arm-none-eabi/lib/thumb/v7e-m+fp/hard\libc_nano.a(lib_a-wbuf.o)
                              c:/st/stm32cubeide_1.12.1/stm32cubeide/plugins/com.st.stm32cube.ide.mcu.externaltools.gnu-tools-for-stm32.10.3-2021.10.win32_1.0.200.202301161003/tools/bin/../lib/gcc/arm-none-eabi/10.3.1/../../../../arm-none-eabi/lib/thumb/v7e-m+fp/hard\libc_nano.a(lib_a-puts.o) (__swbuf_r)
c:/st/stm32cubeide_1.12.1/stm32cubeide/plugins/com.st.stm32cube.ide.mcu.externaltools.gnu-tools-for-stm32.10.3-2021.10.win32_1.0.200.202301161003/tools/bin/../lib/gcc/arm-none-eabi/10.3.1/../../../../arm-none-eabi/lib/thumb/v7e-m+fp/hard\libc_nano.a(lib_a-wsetup.o)
                              c:/st/stm32cubeide_1.12.1/stm32cubeide/plugins/com.st.stm32cube.ide.mcu.externaltools.gnu-tools-for-stm32.10.3-2021.10.win32_1.0.200.202301161003/tools/bin/../lib/gcc/arm-none-eabi/10.3.1/../../../../arm-none-eabi/lib/thumb/v7e-m+fp/hard\libc_nano.a(lib_a-puts.o) (__swsetup_r)
c:/st/stm32cubeide_1.12.1/stm32cubeide/plugins/com.st.stm32cube.ide.mcu.externaltools.gnu-tools-for-stm32.10.3-2021.10.win32_1.0.200.202301161003/tools/bin/../lib/gcc/arm-none-eabi/10.3.1/../../../../arm-none-eabi/lib/thumb/v7e-m+fp/hard\libc_nano.a(lib_a-fflush.o)
                              c:/st/stm32cubeide_1.12.1/stm32cubeide/plugins/com.st.stm32cube.ide.mcu.externaltools.gnu-tools-for-stm32.10.3-2021.10.win32_1.0.200.202301161003/tools/bin/../lib/gcc/arm-none-eabi/10.3.1/../../../../arm-none-eabi/lib/thumb/v7e-m+fp/hard\libc_nano.a(lib_a-wbuf.o) (_fflush_r)
[...]
Memory Configuration

Name             Origin             Length             Attributes
RAM              0x0000000020000000 0x0000000000004000 xrw
FLASH            0x0000000008000000 0x0000000000010000 xr
*default*        0x0000000000000000 0xffffffffffffffff

Linker script and memory map

LOAD c:/st/stm32cubeide_1.12.1/stm32cubeide/plugins/com.st.stm32cube.ide.mcu.externaltools.gnu-tools-for-stm32.10.3-2021.10.win32_1.0.200.202301161003/tools/bin/../lib/gcc/arm-none-eabi/10.3.1/thumb/v7e-m+fp/hard/crti.o
LOAD c:/st/stm32cubeide_1.12.1/stm32cubeide/plugins/com.st.stm32cube.ide.mcu.externaltools.gnu-tools-for-stm32.10.3-2021.10.win32_1.0.200.202301161003/tools/bin/../lib/gcc/arm-none-eabi/10.3.1/thumb/v7e-m+fp/hard/crtbegin.o
LOAD c:/st/stm32cubeide_1.12.1/stm32cubeide/plugins/com.st.stm32cube.ide.mcu.externaltools.gnu-tools-for-stm32.10.3-2021.10.win32_1.0.200.202301161003/tools/bin/../lib/gcc/arm-none-eabi/10.3.1/../../../../arm-none-eabi/lib/thumb/v7e-m+fp/hard/crt0.o
LOAD ./Core/Src/Carl.o
LOAD ./Core/Src/CarlDisplay.o
LOAD ./Core/Src/CarlIR.o
LOAD ./Core/Src/CarlTouch.o
LOAD ./Core/Src/CarlVibration.o
LOAD ./Core/Src/main.o
LOAD ./Core/Src/stm32f3xx_hal_msp.o
LOAD ./Core/Src/stm32f3xx_it.o
LOAD ./Core/Src/syscalls.o
LOAD ./Core/Src/sysmem.o
LOAD ./Core/Src/system_stm32f3xx.o
LOAD ./Core/Startup/startup_stm32f301c8tx.o
LOAD ./Drivers/STM32F3xx_HAL_Driver/Src/stm32f3xx_hal.o
LOAD ./Drivers/STM32F3xx_HAL_Driver/Src/stm32f3xx_hal_cortex.o
LOAD ./Drivers/STM32F3xx_HAL_Driver/Src/stm32f3xx_hal_dma.o
LOAD ./Drivers/STM32F3xx_HAL_Driver/Src/stm32f3xx_hal_exti.o
LOAD ./Drivers/STM32F3xx_HAL_Driver/Src/stm32f3xx_hal_flash.o
LOAD ./Drivers/STM32F3xx_HAL_Driver/Src/stm32f3xx_hal_flash_ex.o
LOAD ./Drivers/STM32F3xx_HAL_Driver/Src/stm32f3xx_hal_gpio.o
LOAD ./Drivers/STM32F3xx_HAL_Driver/Src/stm32f3xx_hal_i2c.o
LOAD ./Drivers/STM32F3xx_HAL_Driver/Src/stm32f3xx_hal_i2c_ex.o
LOAD ./Drivers/STM32F3xx_HAL_Driver/Src/stm32f3xx_hal_pwr.o
LOAD ./Drivers/STM32F3xx_HAL_Driver/Src/stm32f3xx_hal_pwr_ex.o
LOAD ./Drivers/STM32F3xx_HAL_Driver/Src/stm32f3xx_hal_rcc.o
LOAD ./Drivers/STM32F3xx_HAL_Driver/Src/stm32f3xx_hal_rcc_ex.o
LOAD ./Drivers/STM32F3xx_HAL_Driver/Src/stm32f3xx_hal_spi.o
LOAD ./Drivers/STM32F3xx_HAL_Driver/Src/stm32f3xx_hal_spi_ex.o
LOAD ./Drivers/STM32F3xx_HAL_Driver/Src/stm32f3xx_hal_tim.o
LOAD ./Drivers/STM32F3xx_HAL_Driver/Src/stm32f3xx_hal_tim_ex.o
LOAD ./Drivers/STM32F3xx_HAL_Driver/Src/stm32f3xx_hal_uart.o
LOAD ./Drivers/STM32F3xx_HAL_Driver/Src/stm32f3xx_hal_uart_ex.o
START GROUP
LOAD c:/st/stm32cubeide_1.12.1/stm32cubeide/plugins/com.st.stm32cube.ide.mcu.externaltools.gnu-tools-for-stm32.10.3-2021.10.win32_1.0.200.202301161003/tools/bin/../lib/gcc/arm-none-eabi/10.3.1/../../../../arm-none-eabi/lib/thumb/v7e-m+fp/hard\libc_nano.a
LOAD c:/st/stm32cubeide_1.12.1/stm32cubeide/plugins/com.st.stm32cube.ide.mcu.externaltools.gnu-tools-for-stm32.10.3-2021.10.win32_1.0.200.202301161003/tools/bin/../lib/gcc/arm-none-eabi/10.3.1/../../../../arm-none-eabi/lib/thumb/v7e-m+fp/hard\libm.a
END GROUP
START GROUP
LOAD c:/st/stm32cubeide_1.12.1/stm32cubeide/plugins/com.st.stm32cube.ide.mcu.externaltools.gnu-tools-for-stm32.10.3-2021.10.win32_1.0.200.202301161003/tools/bin/../lib/gcc/arm-none-eabi/10.3.1/thumb/v7e-m+fp/hard\libgcc.a
LOAD c:/st/stm32cubeide_1.12.1/stm32cubeide/plugins/com.st.stm32cube.ide.mcu.externaltools.gnu-tools-for-stm32.10.3-2021.10.win32_1.0.200.202301161003/tools/bin/../lib/gcc/arm-none-eabi/10.3.1/../../../../arm-none-eabi/lib/thumb/v7e-m+fp/hard\libc_nano.a
END GROUP
START GROUP
LOAD c:/st/stm32cubeide_1.12.1/stm32cubeide/plugins/com.st.stm32cube.ide.mcu.externaltools.gnu-tools-for-stm32.10.3-2021.10.win32_1.0.200.202301161003/tools/bin/../lib/gcc/arm-none-eabi/10.3.1/thumb/v7e-m+fp/hard\libgcc.a
LOAD c:/st/stm32cubeide_1.12.1/stm32cubeide/plugins/com.st.stm32cube.ide.mcu.externaltools.gnu-tools-for-stm32.10.3-2021.10.win32_1.0.200.202301161003/tools/bin/../lib/gcc/arm-none-eabi/10.3.1/../../../../arm-none-eabi/lib/thumb/v7e-m+fp/hard\libc_nano.a
LOAD c:/st/stm32cubeide_1.12.1/stm32cubeide/plugins/com.st.stm32cube.ide.mcu.externaltools.gnu-tools-for-stm32.10.3-2021.10.win32_1.0.200.202301161003/tools/bin/../lib/gcc/arm-none-eabi/10.3.1/../../../../arm-none-eabi/lib/thumb/v7e-m+fp/hard\libnosys.a
END GROUP
START GROUP
LOAD c:/st/stm32cubeide_1.12.1/stm32cubeide/plugins/com.st.stm32cube.ide.mcu.externaltools.gnu-tools-for-stm32.10.3-2021.10.win32_1.0.200.202301161003/tools/bin/../lib/gcc/arm-none-eabi/10.3.1/thumb/v7e-m+fp/hard\libgcc.a
LOAD c:/st/stm32cubeide_1.12.1/stm32cubeide/plugins/com.st.stm32cube.ide.mcu.externaltools.gnu-tools-for-stm32.10.3-2021.10.win32_1.0.200.202301161003/tools/bin/../lib/gcc/arm-none-eabi/10.3.1/../../../../arm-none-eabi/lib/thumb/v7e-m+fp/hard\libc_nano.a
LOAD c:/st/stm32cubeide_1.12.1/stm32cubeide/plugins/com.st.stm32cube.ide.mcu.externaltools.gnu-tools-for-stm32.10.3-2021.10.win32_1.0.200.202301161003/tools/bin/../lib/gcc/arm-none-eabi/10.3.1/../../../../arm-none-eabi/lib/thumb/v7e-m+fp/hard\libnosys.a
END GROUP
LOAD c:/st/stm32cubeide_1.12.1/stm32cubeide/plugins/com.st.stm32cube.ide.mcu.externaltools.gnu-tools-for-stm32.10.3-2021.10.win32_1.0.200.202301161003/tools/bin/../lib/gcc/arm-none-eabi/10.3.1/thumb/v7e-m+fp/hard/crtend.o
LOAD c:/st/stm32cubeide_1.12.1/stm32cubeide/plugins/com.st.stm32cube.ide.mcu.externaltools.gnu-tools-for-stm32.10.3-2021.10.win32_1.0.200.202301161003/tools/bin/../lib/gcc/arm-none-eabi/10.3.1/thumb/v7e-m+fp/hard/crtn.o
                0x0000000020004000                _estack = (ORIGIN (RAM) + LENGTH (RAM))
                0x0000000000000200                _Min_Heap_Size = 0x200
                0x0000000000000400                _Min_Stack_Size = 0x400

.isr_vector     0x0000000008000000      0x188
                0x0000000008000000                . = ALIGN (0x4)
 *(.isr_vector)
 .isr_vector    0x0000000008000000      0x188 ./Core/Startup/startup_stm32f301c8tx.o
                0x0000000008000000                g_pfnVectors
                0x0000000008000188                . = ALIGN (0x4)

.text           0x0000000008000190     0x88fc
                0x0000000008000190                . = ALIGN (0x4)
 *(.text)
 .text          0x0000000008000190       0x40 c:/st/stm32cubeide_1.12.1/stm32cubeide/plugins/com.st.stm32cube.ide.mcu.externaltools.gnu-tools-for-stm32.10.3-2021.10.win32_1.0.200.202301161003/tools/bin/../lib/gcc/arm-none-eabi/10.3.1/thumb/v7e-m+fp/hard/crtbegin.o
 .text          0x00000000080001d0       0xa0 c:/st/stm32cubeide_1.12.1/stm32cubeide/plugins/com.st.stm32cube.ide.mcu.externaltools.gnu-tools-for-stm32.10.3-2021.10.win32_1.0.200.202301161003/tools/bin/../lib/gcc/arm-none-eabi/10.3.1/../../../../arm-none-eabi/lib/thumb/v7e-m+fp/hard\libc_nano.a(lib_a-memchr.o)
                0x00000000080001d0                memchr
 *(.text*)
 .text.Starting
                0x0000000008000270       0x64 ./Core/Src/Carl.o
                0x0000000008000270                Starting
 .text.All_Carl_Inits
                0x00000000080002d4       0x54 ./Core/Src/Carl.o
                0x00000000080002d4                All_Carl_Inits
 .text.ShowMemory
                0x0000000008000328       0x40 ./Core/Src/Carl.o
                0x0000000008000328                ShowMemory
 .text.WriteToGeheugen
                0x0000000008000368      0x2a8 ./Core/Src/Carl.o
                0x0000000008000368                WriteToGeheugen
 .text.TakefromGeheugen
                0x0000000008000610       0xd0 ./Core/Src/Carl.o
                0x0000000008000610                TakefromGeheugen
 .text.whilelus
                0x00000000080006e0       0xd8 ./Core/Src/Carl.o
                0x00000000080006e0                whilelus
 .text.CS_HIGH  0x00000000080007b8       0x14 ./Core/Src/CarlDisplay.o
                0x00000000080007b8                CS_HIGH
 .text.CS_LOW   0x00000000080007cc       0x14 ./Core/Src/CarlDisplay.o
                0x00000000080007cc                CS_LOW
 .text.DC_HIGH  0x00000000080007e0       0x14 ./Core/Src/CarlDisplay.o
                0x00000000080007e0                DC_HIGH
 .text.DC_LOW   0x00000000080007f4       0x14 ./Core/Src/CarlDisplay.o
                0x00000000080007f4                DC_LOW
 .text.RST_HIGH
                0x0000000008000808       0x14 ./Core/Src/CarlDisplay.o
                0x0000000008000808                RST_HIGH
 .text.RST_LOW  0x000000000800081c       0x14 ./Core/Src/CarlDisplay.o
                0x000000000800081c                RST_LOW
 .text.DisplayBegin
                0x0000000008000830      0x1a0 ./Core/Src/CarlDisplay.o
                0x0000000008000830                DisplayBegin
 .text.writecommand
                0x00000000080009d0       0x38 ./Core/Src/CarlDisplay.o
                0x00000000080009d0                writecommand
 .text.writedata
                0x0000000008000a08       0x38 ./Core/Src/CarlDisplay.o
                0x0000000008000a08                writedata
 .text.setAddrWindow
                0x0000000008000a40       0x98 ./Core/Src/CarlDisplay.o
                0x0000000008000a40                setAddrWindow
 .text.drawPixel
                0x0000000008000ad8       0x42 ./Core/Src/CarlDisplay.o
                0x0000000008000ad8                drawPixel
 .text.write16BitColor
                0x0000000008000b1a       0x4e ./Core/Src/CarlDisplay.o
                0x0000000008000b1a                write16BitColor
 .text.DrawRectangle
                0x0000000008000b68      0x17e ./Core/Src/CarlDisplay.o
                0x0000000008000b68                DrawRectangle
 *fill*         0x0000000008000ce6        0x2 
 .text.fillRect
                0x0000000008000ce8       0xd0 ./Core/Src/CarlDisplay.o
                0x0000000008000ce8                fillRect
 .text.DevicePressed
                0x0000000008000db8      0x278 ./Core/Src/CarlDisplay.o
                0x0000000008000db8                DevicePressed
 .text.buttonPressed
                0x0000000008001030      0x294 ./Core/Src/CarlDisplay.o
                0x0000000008001030                buttonPressed
 .text.ColorToSelectedbutton
                0x00000000080012c4      0x1e4 ./Core/Src/CarlDisplay.o
                0x00000000080012c4                ColorToSelectedbutton
 .text.mainscreen
                0x00000000080014a8       0xb4 ./Core/Src/CarlDisplay.o
                0x00000000080014a8                mainscreen
 .text.cleartijd
                0x000000000800155c       0x80 ./Core/Src/CarlIR.o
                0x000000000800155c                cleartijd
 .text.Interrupt_flank
                0x00000000080015dc       0xa4 ./Core/Src/CarlIR.o
                0x00000000080015dc                Interrupt_flank
 .text.IR_Carrier_ON
                0x0000000008001680       0x14 ./Core/Src/CarlIR.o
                0x0000000008001680                IR_Carrier_ON
 .text.IR_Carrier_OFF
                0x0000000008001694       0x24 ./Core/Src/CarlIR.o
                0x0000000008001694                IR_Carrier_OFF
 .text.IR_Read  0x00000000080016b8       0x18 ./Core/Src/CarlIR.o
                0x00000000080016b8                IR_Read
 .text.IR_UNDERSTAND
                0x00000000080016d0      0x180 ./Core/Src/CarlIR.o
                0x00000000080016d0                IR_UNDERSTAND
 .text.IR_sent  0x0000000008001850       0xc0 ./Core/Src/CarlIR.o
                0x0000000008001850                IR_sent
 .text.InitTouch
                0x0000000008001910       0x58 ./Core/Src/CarlTouch.o
                0x0000000008001910                InitTouch
 .text.Touch    0x0000000008001968      0x104 ./Core/Src/CarlTouch.o
                0x0000000008001968                Touch
 .text.ReadDevice
                0x0000000008001a6c       0xb4 ./Core/Src/CarlTouch.o
                0x0000000008001a6c                ReadDevice
 .text.ReadButton
                0x0000000008001b20      0x170 ./Core/Src/CarlTouch.o
                0x0000000008001b20                ReadButton
 .text.VibrateStart
                0x0000000008001c90       0x28 ./Core/Src/CarlVibration.o
                0x0000000008001c90                VibrateStart
 .text.VibrateStop
                0x0000000008001cb8       0x14 ./Core/Src/CarlVibration.o
                0x0000000008001cb8                VibrateStop
 .text._write   0x0000000008001ccc       0x94 ./Core/Src/main.o
                0x0000000008001ccc                _write
 .text.main     0x0000000008001d60       0x32 ./Core/Src/main.o
                0x0000000008001d60                main
 *fill*         0x0000000008001d92        0x2 
 .text.SystemClock_Config
                0x0000000008001d94       0xc0 ./Core/Src/main.o
                0x0000000008001d94                SystemClock_Config
 .text.MX_I2C1_Init
                0x0000000008001e54       0x80 ./Core/Src/main.o
 .text.MX_SPI2_Init
                0x0000000008001ed4       0x7c ./Core/Src/main.o
 .text.MX_TIM1_Init
                0x0000000008001f50      0x120 ./Core/Src/main.o
 .text.MX_TIM15_Init
                0x0000000008002070       0xa4 ./Core/Src/main.o
 .text.MX_TIM17_Init
                0x0000000008002114       0xf4 ./Core/Src/main.o
 .text.MX_USART1_UART_Init
                0x0000000008002208       0x60 ./Core/Src/main.o
 .text.MX_GPIO_Init
                0x0000000008002268       0xdc ./Core/Src/main.o
 .text.Error_Handler
                0x0000000008002344        0xa ./Core/Src/main.o
                0x0000000008002344                Error_Handler
 *fill*         0x000000000800234e        0x2 
 .text.HAL_MspInit
                0x0000000008002350       0x48 ./Core/Src/stm32f3xx_hal_msp.o
                0x0000000008002350                HAL_MspInit
 .text.HAL_I2C_MspInit
                0x0000000008002398       0xc4 ./Core/Src/stm32f3xx_hal_msp.o
                0x0000000008002398                HAL_I2C_MspInit
 .text.HAL_SPI_MspInit
                0x000000000800245c       0xc4 ./Core/Src/stm32f3xx_hal_msp.o
                0x000000000800245c                HAL_SPI_MspInit
 .text.HAL_TIM_PWM_MspInit
                0x0000000008002520       0x40 ./Core/Src/stm32f3xx_hal_msp.o
                0x0000000008002520                HAL_TIM_PWM_MspInit
 .text.HAL_TIM_Base_MspInit
                0x0000000008002560       0x68 ./Core/Src/stm32f3xx_hal_msp.o
                0x0000000008002560                HAL_TIM_Base_MspInit
 .text.HAL_TIM_MspPostInit
                0x00000000080025c8       0xbc ./Core/Src/stm32f3xx_hal_msp.o
                0x00000000080025c8                HAL_TIM_MspPostInit
 .text.HAL_UART_MspInit
                0x0000000008002684       0x88 ./Core/Src/stm32f3xx_hal_msp.o
                0x0000000008002684                HAL_UART_MspInit
 .text.NMI_Handler
                0x000000000800270c        0x6 ./Core/Src/stm32f3xx_it.o
                0x000000000800270c                NMI_Handler
 .text.HardFault_Handler
                0x0000000008002712        0x6 ./Core/Src/stm32f3xx_it.o
                0x0000000008002712                HardFault_Handler
 .text.MemManage_Handler
                0x0000000008002718        0x6 ./Core/Src/stm32f3xx_it.o
                0x0000000008002718                MemManage_Handler
 .text.BusFault_Handler
                0x000000000800271e        0x6 ./Core/Src/stm32f3xx_it.o
                0x000000000800271e                BusFault_Handler
 .text.UsageFault_Handler
                0x0000000008002724        0x6 ./Core/Src/stm32f3xx_it.o
                0x0000000008002724                UsageFault_Handler
 .text.SVC_Handler
                0x000000000800272a        0xe ./Core/Src/stm32f3xx_it.o
                0x000000000800272a                SVC_Handler
 .text.DebugMon_Handler
                0x0000000008002738        0xe ./Core/Src/stm32f3xx_it.o
                0x0000000008002738                DebugMon_Handler
 .text.PendSV_Handler
                0x0000000008002746        0xe ./Core/Src/stm32f3xx_it.o
                0x0000000008002746                PendSV_Handler
 .text.SysTick_Handler
                0x0000000008002754        0xc ./Core/Src/stm32f3xx_it.o
                0x0000000008002754                SysTick_Handler
 .text.EXTI3_IRQHandler
                0x0000000008002760       0x12 ./Core/Src/stm32f3xx_it.o
                0x0000000008002760                EXTI3_IRQHandler
 .text._read    0x0000000008002772       0x3a ./Core/Src/syscalls.o
                0x0000000008002772                _read
 .text._close   0x00000000080027ac       0x18 ./Core/Src/syscalls.o
                0x00000000080027ac                _close
 .text._fstat   0x00000000080027c4       0x20 ./Core/Src/syscalls.o
                0x00000000080027c4                _fstat
 .text._isatty  0x00000000080027e4       0x16 ./Core/Src/syscalls.o
                0x00000000080027e4                _isatty
 .text._lseek   0x00000000080027fa       0x1a ./Core/Src/syscalls.o
                0x00000000080027fa                _lseek
 .text._sbrk    0x0000000008002814       0x6c ./Core/Src/sysmem.o
                0x0000000008002814                _sbrk
 .text.SystemInit
                0x0000000008002880       0x24 ./Core/Src/system_stm32f3xx.o
                0x0000000008002880                SystemInit
 .text.Reset_Handler
                0x00000000080028a4       0x50 ./Core/Startup/startup_stm32f301c8tx.o
                0x00000000080028a4                Reset_Handler
 .text.Default_Handler
                0x00000000080028f4        0x2 ./Core/Startup/startup_stm32f301c8tx.o
                0x00000000080028f4                RTC_Alarm_IRQHandler
                0x00000000080028f4                TIM1_CC_IRQHandler
                0x00000000080028f4                PVD_IRQHandler
                0x00000000080028f4                TAMP_STAMP_IRQHandler
                0x00000000080028f4                I2C3_ER_IRQHandler
                0x00000000080028f4                EXTI0_IRQHandler
                0x00000000080028f4                I2C2_EV_IRQHandler
                0x00000000080028f4                FPU_IRQHandler
                0x00000000080028f4                TIM1_UP_TIM16_IRQHandler
                0x00000000080028f4                TIM6_DAC_IRQHandler
                0x00000000080028f4                DMA1_Channel4_IRQHandler
                0x00000000080028f4                ADC1_IRQHandler
                0x00000000080028f4                USART3_IRQHandler
                0x00000000080028f4                DMA1_Channel7_IRQHandler
                0x00000000080028f4                I2C1_EV_IRQHandler
                0x00000000080028f4                DMA1_Channel6_IRQHandler
                0x00000000080028f4                RCC_IRQHandler
                0x00000000080028f4                DMA1_Channel1_IRQHandler
                0x00000000080028f4                Default_Handler
                0x00000000080028f4                EXTI15_10_IRQHandler
                0x00000000080028f4                COMP2_IRQHandler
                0x00000000080028f4                I2C3_EV_IRQHandler
                0x00000000080028f4                EXTI9_5_IRQHandler
                0x00000000080028f4                RTC_WKUP_IRQHandler
                0x00000000080028f4                SPI2_IRQHandler
                0x00000000080028f4                DMA1_Channel5_IRQHandler
                0x00000000080028f4                EXTI4_IRQHandler
                0x00000000080028f4                TIM1_TRG_COM_TIM17_IRQHandler
                0x00000000080028f4                DMA1_Channel3_IRQHandler
                0x00000000080028f4                WWDG_IRQHandler
                0x00000000080028f4                TIM2_IRQHandler
                0x00000000080028f4                EXTI1_IRQHandler
                0x00000000080028f4                COMP4_6_IRQHandler
                0x00000000080028f4                USART2_IRQHandler
                0x00000000080028f4                I2C2_ER_IRQHandler
                0x00000000080028f4                DMA1_Channel2_IRQHandler
                0x00000000080028f4                FLASH_IRQHandler
                0x00000000080028f4                USART1_IRQHandler
                0x00000000080028f4                SPI3_IRQHandler
                0x00000000080028f4                I2C1_ER_IRQHandler
                0x00000000080028f4                EXTI2_TSC_IRQHandler
                0x00000000080028f4                TIM1_BRK_TIM15_IRQHandler
 *fill*         0x00000000080028f6        0x2 
 .text.HAL_Init
                0x00000000080028f8       0x2c ./Drivers/STM32F3xx_HAL_Driver/Src/stm32f3xx_hal.o
                0x00000000080028f8                HAL_Init
 .text.HAL_InitTick
                0x0000000008002924       0x60 ./Drivers/STM32F3xx_HAL_Driver/Src/stm32f3xx_hal.o
                0x0000000008002924                HAL_InitTick
 .text.HAL_IncTick
                0x0000000008002984       0x28 ./Drivers/STM32F3xx_HAL_Driver/Src/stm32f3xx_hal.o
                0x0000000008002984                HAL_IncTick
 .text.HAL_GetTick
                0x00000000080029ac       0x18 ./Drivers/STM32F3xx_HAL_Driver/Src/stm32f3xx_hal.o
                0x00000000080029ac                HAL_GetTick
 .text.HAL_Delay
                0x00000000080029c4       0x48 ./Drivers/STM32F3xx_HAL_Driver/Src/stm32f3xx_hal.o
                0x00000000080029c4                HAL_Delay
 .text.__NVIC_SetPriorityGrouping
                0x0000000008002a0c       0x48 ./Drivers/STM32F3xx_HAL_Driver/Src/stm32f3xx_hal_cortex.o
 .text.__NVIC_GetPriorityGrouping
                0x0000000008002a54       0x1c ./Drivers/STM32F3xx_HAL_Driver/Src/stm32f3xx_hal_cortex.o
 .text.__NVIC_EnableIRQ
                0x0000000008002a70       0x3c ./Drivers/STM32F3xx_HAL_Driver/Src/stm32f3xx_hal_cortex.o
 .text.__NVIC_SetPriority
                0x0000000008002aac       0x54 ./Drivers/STM32F3xx_HAL_Driver/Src/stm32f3xx_hal_cortex.o
 .text.NVIC_EncodePriority
                0x0000000008002b00       0x66 ./Drivers/STM32F3xx_HAL_Driver/Src/stm32f3xx_hal_cortex.o
 *fill*         0x0000000008002b66        0x2 
 .text.SysTick_Config
                0x0000000008002b68       0x44 ./Drivers/STM32F3xx_HAL_Driver/Src/stm32f3xx_hal_cortex.o
 .text.HAL_NVIC_SetPriorityGrouping
                0x0000000008002bac       0x16 ./Drivers/STM32F3xx_HAL_Driver/Src/stm32f3xx_hal_cortex.o
                0x0000000008002bac                HAL_NVIC_SetPriorityGrouping
 .text.HAL_NVIC_SetPriority
                0x0000000008002bc2       0x38 ./Drivers/STM32F3xx_HAL_Driver/Src/stm32f3xx_hal_cortex.o
                0x0000000008002bc2                HAL_NVIC_SetPriority
 .text.HAL_NVIC_EnableIRQ
                0x0000000008002bfa       0x1c ./Drivers/STM32F3xx_HAL_Driver/Src/stm32f3xx_hal_cortex.o
                0x0000000008002bfa                HAL_NVIC_EnableIRQ
 .text.HAL_SYSTICK_Config
                0x0000000008002c16       0x18 ./Drivers/STM32F3xx_HAL_Driver/Src/stm32f3xx_hal_cortex.o
                0x0000000008002c16                HAL_SYSTICK_Config
 *fill*         0x0000000008002c2e        0x2 
 .text.HAL_GPIO_Init
                0x0000000008002c30      0x2e4 ./Drivers/STM32F3xx_HAL_Driver/Src/stm32f3xx_hal_gpio.o
                0x0000000008002c30                HAL_GPIO_Init
 .text.HAL_GPIO_WritePin
                0x0000000008002f14       0x30 ./Drivers/STM32F3xx_HAL_Driver/Src/stm32f3xx_hal_gpio.o
                0x0000000008002f14                HAL_GPIO_WritePin
 .text.HAL_GPIO_EXTI_IRQHandler
                0x0000000008002f44       0x30 ./Drivers/STM32F3xx_HAL_Driver/Src/stm32f3xx_hal_gpio.o
                0x0000000008002f44                HAL_GPIO_EXTI_IRQHandler
 .text.HAL_GPIO_EXTI_Callback
                0x0000000008002f74       0x16 ./Drivers/STM32F3xx_HAL_Driver/Src/stm32f3xx_hal_gpio.o
                0x0000000008002f74                HAL_GPIO_EXTI_Callback
 .text.HAL_I2C_Init
                0x0000000008002f8a      0x11e ./Drivers/STM32F3xx_HAL_Driver/Src/stm32f3xx_hal_i2c.o
                0x0000000008002f8a                HAL_I2C_Init
 .text.HAL_I2C_Master_Transmit
                0x00000000080030a8      0x1e8 ./Drivers/STM32F3xx_HAL_Driver/Src/stm32f3xx_hal_i2c.o
                0x00000000080030a8                HAL_I2C_Master_Transmit
 .text.HAL_I2C_Master_Receive
                0x0000000008003290      0x1ec ./Drivers/STM32F3xx_HAL_Driver/Src/stm32f3xx_hal_i2c.o
                0x0000000008003290                HAL_I2C_Master_Receive
 .text.HAL_I2C_Mem_Write
                0x000000000800347c      0x228 ./Drivers/STM32F3xx_HAL_Driver/Src/stm32f3xx_hal_i2c.o
                0x000000000800347c                HAL_I2C_Mem_Write
 .text.HAL_I2C_Mem_Read
                0x00000000080036a4      0x234 ./Drivers/STM32F3xx_HAL_Driver/Src/stm32f3xx_hal_i2c.o
                0x00000000080036a4                HAL_I2C_Mem_Read
 .text.I2C_RequestMemoryWrite
                0x00000000080038d8       0xa8 ./Drivers/STM32F3xx_HAL_Driver/Src/stm32f3xx_hal_i2c.o
 .text.I2C_RequestMemoryRead
                0x0000000008003980       0xa8 ./Drivers/STM32F3xx_HAL_Driver/Src/stm32f3xx_hal_i2c.o
 .text.I2C_Flush_TXDR
                0x0000000008003a28       0x48 ./Drivers/STM32F3xx_HAL_Driver/Src/stm32f3xx_hal_i2c.o
 .text.I2C_WaitOnFlagUntilTimeout
                0x0000000008003a70       0x9e ./Drivers/STM32F3xx_HAL_Driver/Src/stm32f3xx_hal_i2c.o
 .text.I2C_WaitOnTXISFlagUntilTimeout
                0x0000000008003b0e       0x8e ./Drivers/STM32F3xx_HAL_Driver/Src/stm32f3xx_hal_i2c.o
 .text.I2C_WaitOnSTOPFlagUntilTimeout
                0x0000000008003b9c       0x86 ./Drivers/STM32F3xx_HAL_Driver/Src/stm32f3xx_hal_i2c.o
 *fill*         0x0000000008003c22        0x2 
 .text.I2C_WaitOnRXNEFlagUntilTimeout
                0x0000000008003c24      0x104 ./Drivers/STM32F3xx_HAL_Driver/Src/stm32f3xx_hal_i2c.o
 .text.I2C_IsErrorOccurred
                0x0000000008003d28      0x1c0 ./Drivers/STM32F3xx_HAL_Driver/Src/stm32f3xx_hal_i2c.o
 .text.I2C_TransferConfig
                0x0000000008003ee8       0x64 ./Drivers/STM32F3xx_HAL_Driver/Src/stm32f3xx_hal_i2c.o
 .text.HAL_I2CEx_ConfigAnalogFilter
                0x0000000008003f4c       0x96 ./Drivers/STM32F3xx_HAL_Driver/Src/stm32f3xx_hal_i2c_ex.o
                0x0000000008003f4c                HAL_I2CEx_ConfigAnalogFilter
 .text.HAL_I2CEx_ConfigDigitalFilter
                0x0000000008003fe2       0x98 ./Drivers/STM32F3xx_HAL_Driver/Src/stm32f3xx_hal_i2c_ex.o
                0x0000000008003fe2                HAL_I2CEx_ConfigDigitalFilter
 *fill*         0x000000000800407a        0x2 
 .text.HAL_RCC_OscConfig
                0x000000000800407c     0x107c ./Drivers/STM32F3xx_HAL_Driver/Src/stm32f3xx_hal_rcc.o
                0x000000000800407c                HAL_RCC_OscConfig
 .text.HAL_RCC_ClockConfig
                0x00000000080050f8      0x2f8 ./Drivers/STM32F3xx_HAL_Driver/Src/stm32f3xx_hal_rcc.o
                0x00000000080050f8                HAL_RCC_ClockConfig
 .text.HAL_RCC_GetSysClockFreq
                0x00000000080053f0       0xd4 ./Drivers/STM32F3xx_HAL_Driver/Src/stm32f3xx_hal_rcc.o
                0x00000000080053f0                HAL_RCC_GetSysClockFreq
 .text.HAL_RCC_GetHCLKFreq
                0x00000000080054c4       0x18 ./Drivers/STM32F3xx_HAL_Driver/Src/stm32f3xx_hal_rcc.o
                0x00000000080054c4                HAL_RCC_GetHCLKFreq
 .text.HAL_RCC_GetPCLK1Freq
                0x00000000080054dc       0x44 ./Drivers/STM32F3xx_HAL_Driver/Src/stm32f3xx_hal_rcc.o
                0x00000000080054dc                HAL_RCC_GetPCLK1Freq
 .text.HAL_RCC_GetPCLK2Freq
                0x0000000008005520       0x44 ./Drivers/STM32F3xx_HAL_Driver/Src/stm32f3xx_hal_rcc.o
                0x0000000008005520                HAL_RCC_GetPCLK2Freq
 .text.HAL_RCCEx_PeriphCLKConfig
                0x0000000008005564      0x308 ./Drivers/STM32F3xx_HAL_Driver/Src/stm32f3xx_hal_rcc_ex.o
                0x0000000008005564                HAL_RCCEx_PeriphCLKConfig
 .text.HAL_SPI_Init
                0x000000000800586c      0x156 ./Drivers/STM32F3xx_HAL_Driver/Src/stm32f3xx_hal_spi.o
                0x000000000800586c                HAL_SPI_Init
 .text.HAL_SPI_Transmit
                0x00000000080059c2      0x2ea ./Drivers/STM32F3xx_HAL_Driver/Src/stm32f3xx_hal_spi.o
                0x00000000080059c2                HAL_SPI_Transmit
 .text.SPI_WaitFlagStateUntilTimeout
                0x0000000008005cac      0x110 ./Drivers/STM32F3xx_HAL_Driver/Src/stm32f3xx_hal_spi.o
 .text.SPI_WaitFifoStateUntilTimeout
                0x0000000008005dbc      0x12c ./Drivers/STM32F3xx_HAL_Driver/Src/stm32f3xx_hal_spi.o
 .text.SPI_EndRxTxTransaction
                0x0000000008005ee8       0x8c ./Drivers/STM32F3xx_HAL_Driver/Src/stm32f3xx_hal_spi.o
 .text.HAL_TIM_Base_Init
                0x0000000008005f74       0xae ./Drivers/STM32F3xx_HAL_Driver/Src/stm32f3xx_hal_tim.o
                0x0000000008005f74                HAL_TIM_Base_Init
 *fill*         0x0000000008006022        0x2 
 .text.HAL_TIM_Base_Start
                0x0000000008006024       0x98 ./Drivers/STM32F3xx_HAL_Driver/Src/stm32f3xx_hal_tim.o
                0x0000000008006024                HAL_TIM_Base_Start
 .text.HAL_TIM_Base_Stop
                0x00000000080060bc       0x4e ./Drivers/STM32F3xx_HAL_Driver/Src/stm32f3xx_hal_tim.o
                0x00000000080060bc                HAL_TIM_Base_Stop
 .text.HAL_TIM_PWM_Init
                0x000000000800610a       0xae ./Drivers/STM32F3xx_HAL_Driver/Src/stm32f3xx_hal_tim.o
                0x000000000800610a                HAL_TIM_PWM_Init
 .text.HAL_TIM_PWM_Start
                0x00000000080061b8      0x1cc ./Drivers/STM32F3xx_HAL_Driver/Src/stm32f3xx_hal_tim.o
                0x00000000080061b8                HAL_TIM_PWM_Start
 .text.HAL_TIM_PWM_Stop
                0x0000000008006384      0x11c ./Drivers/STM32F3xx_HAL_Driver/Src/stm32f3xx_hal_tim.o
                0x0000000008006384                HAL_TIM_PWM_Stop
 .text.HAL_TIM_PWM_ConfigChannel
                0x00000000080064a0      0x228 ./Drivers/STM32F3xx_HAL_Driver/Src/stm32f3xx_hal_tim.o
                0x00000000080064a0                HAL_TIM_PWM_ConfigChannel
 .text.HAL_TIM_ConfigClockSource
                0x00000000080066c8      0x192 ./Drivers/STM32F3xx_HAL_Driver/Src/stm32f3xx_hal_tim.o
                0x00000000080066c8                HAL_TIM_ConfigClockSource
 *fill*         0x000000000800685a        0x2 
 .text.TIM_Base_SetConfig
                0x000000000800685c       0xdc ./Drivers/STM32F3xx_HAL_Driver/Src/stm32f3xx_hal_tim.o
                0x000000000800685c                TIM_Base_SetConfig
 .text.TIM_OC1_SetConfig
                0x0000000008006938      0x10c ./Drivers/STM32F3xx_HAL_Driver/Src/stm32f3xx_hal_tim.o
 .text.TIM_OC2_SetConfig
                0x0000000008006a44      0x100 ./Drivers/STM32F3xx_HAL_Driver/Src/stm32f3xx_hal_tim.o
                0x0000000008006a44                TIM_OC2_SetConfig
 .text.TIM_OC3_SetConfig
                0x0000000008006b44       0xfc ./Drivers/STM32F3xx_HAL_Driver/Src/stm32f3xx_hal_tim.o
 .text.TIM_OC4_SetConfig
                0x0000000008006c40       0xc8 ./Drivers/STM32F3xx_HAL_Driver/Src/stm32f3xx_hal_tim.o
 .text.TIM_OC5_SetConfig
                0x0000000008006d08       0xbc ./Drivers/STM32F3xx_HAL_Driver/Src/stm32f3xx_hal_tim.o
 .text.TIM_OC6_SetConfig
                0x0000000008006dc4       0xc0 ./Drivers/STM32F3xx_HAL_Driver/Src/stm32f3xx_hal_tim.o
 .text.TIM_TI1_ConfigInputStage
                0x0000000008006e84       0x5e ./Drivers/STM32F3xx_HAL_Driver/Src/stm32f3xx_hal_tim.o
 .text.TIM_TI2_ConfigInputStage
                0x0000000008006ee2       0x60 ./Drivers/STM32F3xx_HAL_Driver/Src/stm32f3xx_hal_tim.o
 .text.TIM_ITRx_SetConfig
                0x0000000008006f42       0x36 ./Drivers/STM32F3xx_HAL_Driver/Src/stm32f3xx_hal_tim.o
 .text.TIM_ETR_SetConfig
                0x0000000008006f78       0x40 ./Drivers/STM32F3xx_HAL_Driver/Src/stm32f3xx_hal_tim.o
                0x0000000008006f78                TIM_ETR_SetConfig
 .text.TIM_CCxChannelCmd
                0x0000000008006fb8       0x4a ./Drivers/STM32F3xx_HAL_Driver/Src/stm32f3xx_hal_tim.o
                0x0000000008006fb8                TIM_CCxChannelCmd
 *fill*         0x0000000008007002        0x2 
 .text.HAL_TIMEx_MasterConfigSynchronization
                0x0000000008007004       0xcc ./Drivers/STM32F3xx_HAL_Driver/Src/stm32f3xx_hal_tim_ex.o
                0x0000000008007004                HAL_TIMEx_MasterConfigSynchronization
 .text.HAL_TIMEx_ConfigBreakDeadTime
                0x00000000080070d0       0xf0 ./Drivers/STM32F3xx_HAL_Driver/Src/stm32f3xx_hal_tim_ex.o
                0x00000000080070d0                HAL_TIMEx_ConfigBreakDeadTime
 .text.HAL_UART_Init
                0x00000000080071c0       0x9c ./Drivers/STM32F3xx_HAL_Driver/Src/stm32f3xx_hal_uart.o
                0x00000000080071c0                HAL_UART_Init
 .text.HAL_UART_Transmit
                0x000000000800725c      0x114 ./Drivers/STM32F3xx_HAL_Driver/Src/stm32f3xx_hal_uart.o
                0x000000000800725c                HAL_UART_Transmit
 .text.UART_SetConfig
                0x0000000008007370      0x26c ./Drivers/STM32F3xx_HAL_Driver/Src/stm32f3xx_hal_uart.o
                0x0000000008007370                UART_SetConfig
 .text.UART_AdvFeatureConfig
                0x00000000080075dc      0x144 ./Drivers/STM32F3xx_HAL_Driver/Src/stm32f3xx_hal_uart.o
                0x00000000080075dc                UART_AdvFeatureConfig
 .text.UART_CheckIdleState
                0x0000000008007720      0x150 ./Drivers/STM32F3xx_HAL_Driver/Src/stm32f3xx_hal_uart.o
                0x0000000008007720                UART_CheckIdleState
 .text.UART_WaitOnFlagUntilTimeout
                0x0000000008007870       0xce ./Drivers/STM32F3xx_HAL_Driver/Src/stm32f3xx_hal_uart.o
                0x0000000008007870                UART_WaitOnFlagUntilTimeout
 .text.UART_EndRxTransfer
                0x000000000800793e       0xc8 ./Drivers/STM32F3xx_HAL_Driver/Src/stm32f3xx_hal_uart.o
 *fill*         0x0000000008007a06        0x2 
 .text.__errno  0x0000000008007a08        0xc c:/st/stm32cubeide_1.12.1/stm32cubeide/plugins/com.st.stm32cube.ide.mcu.externaltools.gnu-tools-for-stm32.10.3-2021.10.win32_1.0.200.202301161003/tools/bin/../lib/gcc/arm-none-eabi/10.3.1/../../../../arm-none-eabi/lib/thumb/v7e-m+fp/hard\libc_nano.a(lib_a-errno.o)
                0x0000000008007a08                __errno
 .text.__libc_init_array
                0x0000000008007a14       0x48 c:/st/stm32cubeide_1.12.1/stm32cubeide/plugins/com.st.stm32cube.ide.mcu.externaltools.gnu-tools-for-stm32.10.3-2021.10.win32_1.0.200.202301161003/tools/bin/../lib/gcc/arm-none-eabi/10.3.1/../../../../arm-none-eabi/lib/thumb/v7e-m+fp/hard\libc_nano.a(lib_a-init.o)
                0x0000000008007a14                __libc_init_array
 .text.memset   0x0000000008007a5c       0x10 c:/st/stm32cubeide_1.12.1/stm32cubeide/plugins/com.st.stm32cube.ide.mcu.externaltools.gnu-tools-for-stm32.10.3-2021.10.win32_1.0.200.202301161003/tools/bin/../lib/gcc/arm-none-eabi/10.3.1/../../../../arm-none-eabi/lib/thumb/v7e-m+fp/hard\libc_nano.a(lib_a-memset.o)
                0x0000000008007a5c                memset
 .text.printf   0x0000000008007a6c       0x30 c:/st/stm32cubeide_1.12.1/stm32cubeide/plugins/com.st.stm32cube.ide.mcu.externaltools.gnu-tools-for-stm32.10.3-2021.10.win32_1.0.200.202301161003/tools/bin/../lib/gcc/arm-none-eabi/10.3.1/../../../../arm-none-eabi/lib/thumb/v7e-m+fp/hard\libc_nano.a(lib_a-printf.o)
                0x0000000008007a6c                iprintf
                0x0000000008007a6c                printf
 .text._puts_r  0x0000000008007a9c       0xdc c:/st/stm32cubeide_1.12.1/stm32cubeide/plugins/com.st.stm32cube.ide.mcu.externaltools.gnu-tools-for-stm32.10.3-2021.10.win32_1.0.200.202301161003/tools/bin/../lib/gcc/arm-none-eabi/10.3.1/../../../../arm-none-eabi/lib/thumb/v7e-m+fp/hard\libc_nano.a(lib_a-puts.o)
                0x0000000008007a9c                _puts_r
 .text.puts     0x0000000008007b78       0x10 c:/st/stm32cubeide_1.12.1/stm32cubeide/plugins/com.st.stm32cube.ide.mcu.externaltools.gnu-tools-for-stm32.10.3-2021.10.win32_1.0.200.202301161003/tools/bin/../lib/gcc/arm-none-eabi/10.3.1/../../../../arm-none-eabi/lib/thumb/v7e-m+fp/hard\libc_nano.a(lib_a-puts.o)
                0x0000000008007b78                puts
 .text.__swbuf_r
                0x0000000008007b88       0xa4 c:/st/stm32cubeide_1.12.1/stm32cubeide/plugins/com.st.stm32cube.ide.mcu.externaltools.gnu-tools-for-stm32.10.3-2021.10.win32_1.0.200.202301161003/tools/bin/../lib/gcc/arm-none-eabi/10.3.1/../../../../arm-none-eabi/lib/thumb/v7e-m+fp/hard\libc_nano.a(lib_a-wbuf.o)
                0x0000000008007b88                __swbuf_r
 .text.__swsetup_r
                0x0000000008007c2c       0xdc c:/st/stm32cubeide_1.12.1/stm32cubeide/plugins/com.st.stm32cube.ide.mcu.externaltools.gnu-tools-for-stm32.10.3-2021.10.win32_1.0.200.202301161003/tools/bin/../lib/gcc/arm-none-eabi/10.3.1/../../../../arm-none-eabi/lib/thumb/v7e-m+fp/hard\libc_nano.a(lib_a-wsetup.o)
                0x0000000008007c2c                __swsetup_r
 .text.__sflush_r
                0x0000000008007d08      0x10c c:/st/stm32cubeide_1.12.1/stm32cubeide/plugins/com.st.stm32cube.ide.mcu.externaltools.gnu-tools-for-stm32.10.3-2021.10.win32_1.0.200.202301161003/tools/bin/../lib/gcc/arm-none-eabi/10.3.1/../../../../arm-none-eabi/lib/thumb/v7e-m+fp/hard\libc_nano.a(lib_a-fflush.o)
                0x0000000008007d08                __sflush_r
 .text._fflush_r
                0x0000000008007e14       0x78 c:/st/stm32cubeide_1.12.1/stm32cubeide/plugins/com.st.stm32cube.ide.mcu.externaltools.gnu-tools-for-stm32.10.3-2021.10.win32_1.0.200.202301161003/tools/bin/../lib/gcc/arm-none-eabi/10.3.1/../../../../arm-none-eabi/lib/thumb/v7e-m+fp/hard\libc_nano.a(lib_a-fflush.o)
                0x0000000008007e14                _fflush_r
 .text.std      0x0000000008007e8c       0x48 c:/st/stm32cubeide_1.12.1/stm32cubeide/plugins/com.st.stm32cube.ide.mcu.externaltools.gnu-tools-for-stm32.10.3-2021.10.win32_1.0.200.202301161003/tools/bin/../lib/gcc/arm-none-eabi/10.3.1/../../../../arm-none-eabi/lib/thumb/v7e-m+fp/hard\libc_nano.a(lib_a-findfp.o)
 .text._cleanup_r
                0x0000000008007ed4        0xc c:/st/stm32cubeide_1.12.1/stm32cubeide/plugins/com.st.stm32cube.ide.mcu.externaltools.gnu-tools-for-stm32.10.3-2021.10.win32_1.0.200.202301161003/tools/bin/../lib/gcc/arm-none-eabi/10.3.1/../../../../arm-none-eabi/lib/thumb/v7e-m+fp/hard\libc_nano.a(lib_a-findfp.o)
                0x0000000008007ed4                _cleanup_r
 .text.__sfmoreglue
                0x0000000008007ee0       0x2c c:/st/stm32cubeide_1.12.1/stm32cubeide/plugins/com.st.stm32cube.ide.mcu.externaltools.gnu-tools-for-stm32.10.3-2021.10.win32_1.0.200.202301161003/tools/bin/../lib/gcc/arm-none-eabi/10.3.1/../../../../arm-none-eabi/lib/thumb/v7e-m+fp/hard\libc_nano.a(lib_a-findfp.o)
                0x0000000008007ee0                __sfmoreglue
 .text.__sfp_lock_acquire
                0x0000000008007f0c        0xc c:/st/stm32cubeide_1.12.1/stm32cubeide/plugins/com.st.stm32cube.ide.mcu.externaltools.gnu-tools-for-stm32.10.3-2021.10.win32_1.0.200.202301161003/tools/bin/../lib/gcc/arm-none-eabi/10.3.1/../../../../arm-none-eabi/lib/thumb/v7e-m+fp/hard\libc_nano.a(lib_a-findfp.o)
                0x0000000008007f0c                __sfp_lock_acquire
 .text.__sfp_lock_release
                0x0000000008007f18        0xc c:/st/stm32cubeide_1.12.1/stm32cubeide/plugins/com.st.stm32cube.ide.mcu.externaltools.gnu-tools-for-stm32.10.3-2021.10.win32_1.0.200.202301161003/tools/bin/../lib/gcc/arm-none-eabi/10.3.1/../../../../arm-none-eabi/lib/thumb/v7e-m+fp/hard\libc_nano.a(lib_a-findfp.o)
                0x0000000008007f18                __sfp_lock_release
 .text.__sinit_lock_acquire
                0x0000000008007f24        0xc c:/st/stm32cubeide_1.12.1/stm32cubeide/plugins/com.st.stm32cube.ide.mcu.externaltools.gnu-tools-for-stm32.10.3-2021.10.win32_1.0.200.202301161003/tools/bin/../lib/gcc/arm-none-eabi/10.3.1/../../../../arm-none-eabi/lib/thumb/v7e-m+fp/hard\libc_nano.a(lib_a-findfp.o)
                0x0000000008007f24                __sinit_lock_acquire
 .text.__sinit_lock_release
                0x0000000008007f30        0xc c:/st/stm32cubeide_1.12.1/stm32cubeide/plugins/com.st.stm32cube.ide.mcu.externaltools.gnu-tools-for-stm32.10.3-2021.10.win32_1.0.200.202301161003/tools/bin/../lib/gcc/arm-none-eabi/10.3.1/../../../../arm-none-eabi/lib/thumb/v7e-m+fp/hard\libc_nano.a(lib_a-findfp.o)
                0x0000000008007f30                __sinit_lock_release
 .text.__sinit  0x0000000008007f3c       0x70 c:/st/stm32cubeide_1.12.1/stm32cubeide/plugins/com.st.stm32cube.ide.mcu.externaltools.gnu-tools-for-stm32.10.3-2021.10.win32_1.0.200.202301161003/tools/bin/../lib/gcc/arm-none-eabi/10.3.1/../../../../arm-none-eabi/lib/thumb/v7e-m+fp/hard\libc_nano.a(lib_a-findfp.o)
                0x0000000008007f3c                __sinit
 .text.__sfp    0x0000000008007fac       0x8c c:/st/stm32cubeide_1.12.1/stm32cubeide/plugins/com.st.stm32cube.ide.mcu.externaltools.gnu-tools-for-stm32.10.3-2021.10.win32_1.0.200.202301161003/tools/bin/../lib/gcc/arm-none-eabi/10.3.1/../../../../arm-none-eabi/lib/thumb/v7e-m+fp/hard\libc_nano.a(lib_a-findfp.o)
                0x0000000008007fac                __sfp
 .text._fwalk_reent
                0x0000000008008038       0x3e c:/st/stm32cubeide_1.12.1/stm32cubeide/plugins/com.st.stm32cube.ide.mcu.externaltools.gnu-tools-for-stm32.10.3-2021.10.win32_1.0.200.202301161003/tools/bin/../lib/gcc/arm-none-eabi/10.3.1/../../../../arm-none-eabi/lib/thumb/v7e-m+fp/hard\libc_nano.a(lib_a-fwalk.o)
                0x0000000008008038                _fwalk_reent
 .text.__retarget_lock_init_recursive
                0x0000000008008076        0x2 c:/st/stm32cubeide_1.12.1/stm32cubeide/plugins/com.st.stm32cube.ide.mcu.externaltools.gnu-tools-for-stm32.10.3-2021.10.win32_1.0.200.202301161003/tools/bin/../lib/gcc/arm-none-eabi/10.3.1/../../../../arm-none-eabi/lib/thumb/v7e-m+fp/hard\libc_nano.a(lib_a-lock.o)
                0x0000000008008076                __retarget_lock_init_recursive
 .text.__retarget_lock_acquire_recursive
                0x0000000008008078        0x2 c:/st/stm32cubeide_1.12.1/stm32cubeide/plugins/com.st.stm32cube.ide.mcu.externaltools.gnu-tools-for-stm32.10.3-2021.10.win32_1.0.200.202301161003/tools/bin/../lib/gcc/arm-none-eabi/10.3.1/../../../../arm-none-eabi/lib/thumb/v7e-m+fp/hard\libc_nano.a(lib_a-lock.o)
                0x0000000008008078                __retarget_lock_acquire_recursive
 .text.__retarget_lock_release_recursive
                0x000000000800807a        0x2 c:/st/stm32cubeide_1.12.1/stm32cubeide/plugins/com.st.stm32cube.ide.mcu.externaltools.gnu-tools-for-stm32.10.3-2021.10.win32_1.0.200.202301161003/tools/bin/../lib/gcc/arm-none-eabi/10.3.1/../../../../arm-none-eabi/lib/thumb/v7e-m+fp/hard\libc_nano.a(lib_a-lock.o)
                0x000000000800807a                __retarget_lock_release_recursive
 .text.__swhatbuf_r
                0x000000000800807c       0x4a c:/st/stm32cubeide_1.12.1/stm32cubeide/plugins/com.st.stm32cube.ide.mcu.externaltools.gnu-tools-for-stm32.10.3-2021.10.win32_1.0.200.202301161003/tools/bin/../lib/gcc/arm-none-eabi/10.3.1/../../../../arm-none-eabi/lib/thumb/v7e-m+fp/hard\libc_nano.a(lib_a-makebuf.o)
                0x000000000800807c                __swhatbuf_r
 *fill*         0x00000000080080c6        0x2 
 .text.__smakebuf_r
                0x00000000080080c8       0x80 c:/st/stm32cubeide_1.12.1/stm32cubeide/plugins/com.st.stm32cube.ide.mcu.externaltools.gnu-tools-for-stm32.10.3-2021.10.win32_1.0.200.202301161003/tools/bin/../lib/gcc/arm-none-eabi/10.3.1/../../../../arm-none-eabi/lib/thumb/v7e-m+fp/hard\libc_nano.a(lib_a-makebuf.o)
                0x00000000080080c8                __smakebuf_r
 .text._free_r  0x0000000008008148       0x98 c:/st/stm32cubeide_1.12.1/stm32cubeide/plugins/com.st.stm32cube.ide.mcu.externaltools.gnu-tools-for-stm32.10.3-2021.10.win32_1.0.200.202301161003/tools/bin/../lib/gcc/arm-none-eabi/10.3.1/../../../../arm-none-eabi/lib/thumb/v7e-m+fp/hard\libc_nano.a(lib_a-nano-freer.o)
                0x0000000008008148                _free_r
 .text.sbrk_aligned
                0x00000000080081e0       0x40 c:/st/stm32cubeide_1.12.1/stm32cubeide/plugins/com.st.stm32cube.ide.mcu.externaltools.gnu-tools-for-stm32.10.3-2021.10.win32_1.0.200.202301161003/tools/bin/../lib/gcc/arm-none-eabi/10.3.1/../../../../arm-none-eabi/lib/thumb/v7e-m+fp/hard\libc_nano.a(lib_a-nano-mallocr.o)
 .text._malloc_r
                0x0000000008008220       0xe8 c:/st/stm32cubeide_1.12.1/stm32cubeide/plugins/com.st.stm32cube.ide.mcu.externaltools.gnu-tools-for-stm32.10.3-2021.10.win32_1.0.200.202301161003/tools/bin/../lib/gcc/arm-none-eabi/10.3.1/../../../../arm-none-eabi/lib/thumb/v7e-m+fp/hard\libc_nano.a(lib_a-nano-mallocr.o)
                0x0000000008008220                _malloc_r
 .text.__sfputc_r
                0x0000000008008308       0x2e c:/st/stm32cubeide_1.12.1/stm32cubeide/plugins/com.st.stm32cube.ide.mcu.externaltools.gnu-tools-for-stm32.10.3-2021.10.win32_1.0.200.202301161003/tools/bin/../lib/gcc/arm-none-eabi/10.3.1/../../../../arm-none-eabi/lib/thumb/v7e-m+fp/hard\libc_nano.a(lib_a-nano-vfprintf.o)
 .text.__sfputs_r
                0x0000000008008336       0x24 c:/st/stm32cubeide_1.12.1/stm32cubeide/plugins/com.st.stm32cube.ide.mcu.externaltools.gnu-tools-for-stm32.10.3-2021.10.win32_1.0.200.202301161003/tools/bin/../lib/gcc/arm-none-eabi/10.3.1/../../../../arm-none-eabi/lib/thumb/v7e-m+fp/hard\libc_nano.a(lib_a-nano-vfprintf.o)
                0x0000000008008336                __sfputs_r
 *fill*         0x000000000800835a        0x2 
 .text._vfprintf_r
                0x000000000800835c      0x260 c:/st/stm32cubeide_1.12.1/stm32cubeide/plugins/com.st.stm32cube.ide.mcu.externaltools.gnu-tools-for-stm32.10.3-2021.10.win32_1.0.200.202301161003/tools/bin/../lib/gcc/arm-none-eabi/10.3.1/../../../../arm-none-eabi/lib/thumb/v7e-m+fp/hard\libc_nano.a(lib_a-nano-vfprintf.o)
                0x000000000800835c                _vfprintf_r
                0x000000000800835c                _vfiprintf_r
 .text._printf_common
                0x00000000080085bc       0xda c:/st/stm32cubeide_1.12.1/stm32cubeide/plugins/com.st.stm32cube.ide.mcu.externaltools.gnu-tools-for-stm32.10.3-2021.10.win32_1.0.200.202301161003/tools/bin/../lib/gcc/arm-none-eabi/10.3.1/../../../../arm-none-eabi/lib/thumb/v7e-m+fp/hard\libc_nano.a(lib_a-nano-vfprintf_i.o)
                0x00000000080085bc                _printf_common
 *fill*         0x0000000008008696        0x2 
 .text._printf_i
                0x0000000008008698      0x24c c:/st/stm32cubeide_1.12.1/stm32cubeide/plugins/com.st.stm32cube.ide.mcu.externaltools.gnu-tools-for-stm32.10.3-2021.10.win32_1.0.200.202301161003/tools/bin/../lib/gcc/arm-none-eabi/10.3.1/../../../../arm-none-eabi/lib/thumb/v7e-m+fp/hard\libc_nano.a(lib_a-nano-vfprintf_i.o)
                0x0000000008008698                _printf_i
 .text._sbrk_r  0x00000000080088e4       0x20 c:/st/stm32cubeide_1.12.1/stm32cubeide/plugins/com.st.stm32cube.ide.mcu.externaltools.gnu-tools-for-stm32.10.3-2021.10.win32_1.0.200.202301161003/tools/bin/../lib/gcc/arm-none-eabi/10.3.1/../../../../arm-none-eabi/lib/thumb/v7e-m+fp/hard\libc_nano.a(lib_a-sbrkr.o)
                0x00000000080088e4                _sbrk_r
 .text.__sread  0x0000000008008904       0x22 c:/st/stm32cubeide_1.12.1/stm32cubeide/plugins/com.st.stm32cube.ide.mcu.externaltools.gnu-tools-for-stm32.10.3-2021.10.win32_1.0.200.202301161003/tools/bin/../lib/gcc/arm-none-eabi/10.3.1/../../../../arm-none-eabi/lib/thumb/v7e-m+fp/hard\libc_nano.a(lib_a-stdio.o)
                0x0000000008008904                __sread
 .text.__swrite
                0x0000000008008926       0x38 c:/st/stm32cubeide_1.12.1/stm32cubeide/plugins/com.st.stm32cube.ide.mcu.externaltools.gnu-tools-for-stm32.10.3-2021.10.win32_1.0.200.202301161003/tools/bin/../lib/gcc/arm-none-eabi/10.3.1/../../../../arm-none-eabi/lib/thumb/v7e-m+fp/hard\libc_nano.a(lib_a-stdio.o)
                0x0000000008008926                __swrite
 .text.__sseek  0x000000000800895e       0x24 c:/st/stm32cubeide_1.12.1/stm32cubeide/plugins/com.st.stm32cube.ide.mcu.externaltools.gnu-tools-for-stm32.10.3-2021.10.win32_1.0.200.202301161003/tools/bin/../lib/gcc/arm-none-eabi/10.3.1/../../../../arm-none-eabi/lib/thumb/v7e-m+fp/hard\libc_nano.a(lib_a-stdio.o)
                0x000000000800895e                __sseek
 .text.__sclose
                0x0000000008008982        0x8 c:/st/stm32cubeide_1.12.1/stm32cubeide/plugins/com.st.stm32cube.ide.mcu.externaltools.gnu-tools-for-stm32.10.3-2021.10.win32_1.0.200.202301161003/tools/bin/../lib/gcc/arm-none-eabi/10.3.1/../../../../arm-none-eabi/lib/thumb/v7e-m+fp/hard\libc_nano.a(lib_a-stdio.o)
                0x0000000008008982                __sclose
 *fill*         0x000000000800898a        0x2 
 .text._write_r
                0x000000000800898c       0x24 c:/st/stm32cubeide_1.12.1/stm32cubeide/plugins/com.st.stm32cube.ide.mcu.externaltools.gnu-tools-for-stm32.10.3-2021.10.win32_1.0.200.202301161003/tools/bin/../lib/gcc/arm-none-eabi/10.3.1/../../../../arm-none-eabi/lib/thumb/v7e-m+fp/hard\libc_nano.a(lib_a-writer.o)
                0x000000000800898c                _write_r
 .text._close_r
                0x00000000080089b0       0x20 c:/st/stm32cubeide_1.12.1/stm32cubeide/plugins/com.st.stm32cube.ide.mcu.externaltools.gnu-tools-for-stm32.10.3-2021.10.win32_1.0.200.202301161003/tools/bin/../lib/gcc/arm-none-eabi/10.3.1/../../../../arm-none-eabi/lib/thumb/v7e-m+fp/hard\libc_nano.a(lib_a-closer.o)
                0x00000000080089b0                _close_r
 .text._fstat_r
                0x00000000080089d0       0x24 c:/st/stm32cubeide_1.12.1/stm32cubeide/plugins/com.st.stm32cube.ide.mcu.externaltools.gnu-tools-for-stm32.10.3-2021.10.win32_1.0.200.202301161003/tools/bin/../lib/gcc/arm-none-eabi/10.3.1/../../../../arm-none-eabi/lib/thumb/v7e-m+fp/hard\libc_nano.a(lib_a-fstatr.o)
                0x00000000080089d0                _fstat_r
 .text._isatty_r
                0x00000000080089f4       0x20 c:/st/stm32cubeide_1.12.1/stm32cubeide/plugins/com.st.stm32cube.ide.mcu.externaltools.gnu-tools-for-stm32.10.3-2021.10.win32_1.0.200.202301161003/tools/bin/../lib/gcc/arm-none-eabi/10.3.1/../../../../arm-none-eabi/lib/thumb/v7e-m+fp/hard\libc_nano.a(lib_a-isattyr.o)
                0x00000000080089f4                _isatty_r
 .text._lseek_r
                0x0000000008008a14       0x24 c:/st/stm32cubeide_1.12.1/stm32cubeide/plugins/com.st.stm32cube.ide.mcu.externaltools.gnu-tools-for-stm32.10.3-2021.10.win32_1.0.200.202301161003/tools/bin/../lib/gcc/arm-none-eabi/10.3.1/../../../../arm-none-eabi/lib/thumb/v7e-m+fp/hard\libc_nano.a(lib_a-lseekr.o)
                0x0000000008008a14                _lseek_r
 .text.__malloc_lock
                0x0000000008008a38        0xc c:/st/stm32cubeide_1.12.1/stm32cubeide/plugins/com.st.stm32cube.ide.mcu.externaltools.gnu-tools-for-stm32.10.3-2021.10.win32_1.0.200.202301161003/tools/bin/../lib/gcc/arm-none-eabi/10.3.1/../../../../arm-none-eabi/lib/thumb/v7e-m+fp/hard\libc_nano.a(lib_a-mlock.o)
                0x0000000008008a38                __malloc_lock
 .text.__malloc_unlock
                0x0000000008008a44        0xc c:/st/stm32cubeide_1.12.1/stm32cubeide/plugins/com.st.stm32cube.ide.mcu.externaltools.gnu-tools-for-stm32.10.3-2021.10.win32_1.0.200.202301161003/tools/bin/../lib/gcc/arm-none-eabi/10.3.1/../../../../arm-none-eabi/lib/thumb/v7e-m+fp/hard\libc_nano.a(lib_a-mlock.o)
                0x0000000008008a44                __malloc_unlock
 .text._read_r  0x0000000008008a50       0x24 c:/st/stm32cubeide_1.12.1/stm32cubeide/plugins/com.st.stm32cube.ide.mcu.externaltools.gnu-tools-for-stm32.10.3-2021.10.win32_1.0.200.202301161003/tools/bin/../lib/gcc/arm-none-eabi/10.3.1/../../../../arm-none-eabi/lib/thumb/v7e-m+fp/hard\libc_nano.a(lib_a-readr.o)
                0x0000000008008a50                _read_r
 *(.glue_7)
 .glue_7        0x0000000008008a74        0x0 linker stubs
 *(.glue_7t)
 .glue_7t       0x0000000008008a74        0x0 linker stubs
 *(.eh_frame)
 .eh_frame      0x0000000008008a74        0x0 c:/st/stm32cubeide_1.12.1/stm32cubeide/plugins/com.st.stm32cube.ide.mcu.externaltools.gnu-tools-for-stm32.10.3-2021.10.win32_1.0.200.202301161003/tools/bin/../lib/gcc/arm-none-eabi/10.3.1/thumb/v7e-m+fp/hard/crtbegin.o
 *(.init)
 .init          0x0000000008008a74        0x4 c:/st/stm32cubeide_1.12.1/stm32cubeide/plugins/com.st.stm32cube.ide.mcu.externaltools.gnu-tools-for-stm32.10.3-2021.10.win32_1.0.200.202301161003/tools/bin/../lib/gcc/arm-none-eabi/10.3.1/thumb/v7e-m+fp/hard/crti.o
                0x0000000008008a74                _init
 .init          0x0000000008008a78        0x8 c:/st/stm32cubeide_1.12.1/stm32cubeide/plugins/com.st.stm32cube.ide.mcu.externaltools.gnu-tools-for-stm32.10.3-2021.10.win32_1.0.200.202301161003/tools/bin/../lib/gcc/arm-none-eabi/10.3.1/thumb/v7e-m+fp/hard/crtn.o
 *(.fini)
 .fini          0x0000000008008a80        0x4 c:/st/stm32cubeide_1.12.1/stm32cubeide/plugins/com.st.stm32cube.ide.mcu.externaltools.gnu-tools-for-stm32.10.3-2021.10.win32_1.0.200.202301161003/tools/bin/../lib/gcc/arm-none-eabi/10.3.1/thumb/v7e-m+fp/hard/crti.o
                0x0000000008008a80                _fini
 .fini          0x0000000008008a84        0x8 c:/st/stm32cubeide_1.12.1/stm32cubeide/plugins/com.st.stm32cube.ide.mcu.externaltools.gnu-tools-for-stm32.10.3-2021.10.win32_1.0.200.202301161003/tools/bin/../lib/gcc/arm-none-eabi/10.3.1/thumb/v7e-m+fp/hard/crtn.o
                0x0000000008008a8c                . = ALIGN (0x4)
                0x0000000008008a8c                _etext = .

.vfp11_veneer   0x0000000008008a8c        0x0
 .vfp11_veneer  0x0000000008008a8c        0x0 linker stubs

.v4_bx          0x0000000008008a8c        0x0
 .v4_bx         0x0000000008008a8c        0x0 linker stubs

.iplt           0x0000000008008a8c        0x0
 .iplt          0x0000000008008a8c        0x0 c:/st/stm32cubeide_1.12.1/stm32cubeide/plugins/com.st.stm32cube.ide.mcu.externaltools.gnu-tools-for-stm32.10.3-2021.10.win32_1.0.200.202301161003/tools/bin/../lib/gcc/arm-none-eabi/10.3.1/thumb/v7e-m+fp/hard/crtbegin.o

.rodata         0x0000000008008a8c      0x5f8
                0x0000000008008a8c                . = ALIGN (0x4)
 *(.rodata)
 .rodata        0x0000000008008a8c      0x301 ./Core/Src/Carl.o
 *fill*         0x0000000008008d8d        0x3 
 .rodata        0x0000000008008d90       0x96 ./Core/Src/CarlDisplay.o
 *fill*         0x0000000008008e26        0x2 
 .rodata        0x0000000008008e28      0x118 ./Core/Src/CarlIR.o
 .rodata        0x0000000008008f40       0x74 ./Core/Src/CarlTouch.o
 *(.rodata*)
 .rodata.AHBPrescTable
                0x0000000008008fb4       0x10 ./Core/Src/system_stm32f3xx.o
                0x0000000008008fb4                AHBPrescTable
 .rodata.APBPrescTable
                0x0000000008008fc4        0x8 ./Core/Src/system_stm32f3xx.o
                0x0000000008008fc4                APBPrescTable
 .rodata.aPLLMULFactorTable
                0x0000000008008fcc       0x10 ./Drivers/STM32F3xx_HAL_Driver/Src/stm32f3xx_hal_rcc.o
 .rodata.aPredivFactorTable
                0x0000000008008fdc       0x10 ./Drivers/STM32F3xx_HAL_Driver/Src/stm32f3xx_hal_rcc.o
 .rodata._global_impure_ptr
                0x0000000008008fec        0x4 c:/st/stm32cubeide_1.12.1/stm32cubeide/plugins/com.st.stm32cube.ide.mcu.externaltools.gnu-tools-for-stm32.10.3-2021.10.win32_1.0.200.202301161003/tools/bin/../lib/gcc/arm-none-eabi/10.3.1/../../../../arm-none-eabi/lib/thumb/v7e-m+fp/hard\libc_nano.a(lib_a-impure.o)
                0x0000000008008fec                _global_impure_ptr
 .rodata.__sf_fake_stderr
                0x0000000008008ff0       0x20 c:/st/stm32cubeide_1.12.1/stm32cubeide/plugins/com.st.stm32cube.ide.mcu.externaltools.gnu-tools-for-stm32.10.3-2021.10.win32_1.0.200.202301161003/tools/bin/../lib/gcc/arm-none-eabi/10.3.1/../../../../arm-none-eabi/lib/thumb/v7e-m+fp/hard\libc_nano.a(lib_a-findfp.o)
                0x0000000008008ff0                __sf_fake_stderr
 .rodata.__sf_fake_stdin
                0x0000000008009010       0x20 c:/st/stm32cubeide_1.12.1/stm32cubeide/plugins/com.st.stm32cube.ide.mcu.externaltools.gnu-tools-for-stm32.10.3-2021.10.win32_1.0.200.202301161003/tools/bin/../lib/gcc/arm-none-eabi/10.3.1/../../../../arm-none-eabi/lib/thumb/v7e-m+fp/hard\libc_nano.a(lib_a-findfp.o)
                0x0000000008009010                __sf_fake_stdin
 .rodata.__sf_fake_stdout
                0x0000000008009030       0x20 c:/st/stm32cubeide_1.12.1/stm32cubeide/plugins/com.st.stm32cube.ide.mcu.externaltools.gnu-tools-for-stm32.10.3-2021.10.win32_1.0.200.202301161003/tools/bin/../lib/gcc/arm-none-eabi/10.3.1/../../../../arm-none-eabi/lib/thumb/v7e-m+fp/hard\libc_nano.a(lib_a-findfp.o)
                0x0000000008009030                __sf_fake_stdout
 .rodata._vfprintf_r.str1.1
                0x0000000008009050       0x11 c:/st/stm32cubeide_1.12.1/stm32cubeide/plugins/com.st.stm32cube.ide.mcu.externaltools.gnu-tools-for-stm32.10.3-2021.10.win32_1.0.200.202301161003/tools/bin/../lib/gcc/arm-none-eabi/10.3.1/../../../../arm-none-eabi/lib/thumb/v7e-m+fp/hard\libc_nano.a(lib_a-nano-vfprintf.o)
 .rodata._printf_i.str1.1
                0x0000000008009061       0x22 c:/st/stm32cubeide_1.12.1/stm32cubeide/plugins/com.st.stm32cube.ide.mcu.externaltools.gnu-tools-for-stm32.10.3-2021.10.win32_1.0.200.202301161003/tools/bin/../lib/gcc/arm-none-eabi/10.3.1/../../../../arm-none-eabi/lib/thumb/v7e-m+fp/hard\libc_nano.a(lib_a-nano-vfprintf_i.o)
                0x0000000008009084                . = ALIGN (0x4)
 *fill*         0x0000000008009083        0x1 

.rel.dyn        0x0000000008009084        0x0
 .rel.iplt      0x0000000008009084        0x0 c:/st/stm32cubeide_1.12.1/stm32cubeide/plugins/com.st.stm32cube.ide.mcu.externaltools.gnu-tools-for-stm32.10.3-2021.10.win32_1.0.200.202301161003/tools/bin/../lib/gcc/arm-none-eabi/10.3.1/thumb/v7e-m+fp/hard/crtbegin.o

.ARM.extab      0x0000000008009084        0x0
                0x0000000008009084                . = ALIGN (0x4)
 *(.ARM.extab* .gnu.linkonce.armextab.*)
                0x0000000008009084                . = ALIGN (0x4)

.ARM            0x0000000008009084        0x0
                0x0000000008009084                . = ALIGN (0x4)
                0x0000000008009084                __exidx_start = .
 *(.ARM.exidx*)
                0x0000000008009084                __exidx_end = .
                0x0000000008009084                . = ALIGN (0x4)

.preinit_array  0x0000000008009084        0x0
                0x0000000008009084                . = ALIGN (0x4)
                0x0000000008009084                PROVIDE (__preinit_array_start = .)
 *(.preinit_array*)
                0x0000000008009084                PROVIDE (__preinit_array_end = .)
                0x0000000008009084                . = ALIGN (0x4)

.init_array     0x0000000008009084        0x4
                0x0000000008009084                . = ALIGN (0x4)
                0x0000000008009084                PROVIDE (__init_array_start = .)
 *(SORT_BY_NAME(.init_array.*))
 *(.init_array*)
 .init_array    0x0000000008009084        0x4 c:/st/stm32cubeide_1.12.1/stm32cubeide/plugins/com.st.stm32cube.ide.mcu.externaltools.gnu-tools-for-stm32.10.3-2021.10.win32_1.0.200.202301161003/tools/bin/../lib/gcc/arm-none-eabi/10.3.1/thumb/v7e-m+fp/hard/crtbegin.o
                0x0000000008009088                PROVIDE (__init_array_end = .)
                0x0000000008009088                . = ALIGN (0x4)

.fini_array     0x0000000008009088        0x4
                0x0000000008009088                . = ALIGN (0x4)
                [!provide]                        PROVIDE (__fini_array_start = .)
 *(SORT_BY_NAME(.fini_array.*))
 *(.fini_array*)
 .fini_array    0x0000000008009088        0x4 c:/st/stm32cubeide_1.12.1/stm32cubeide/plugins/com.st.stm32cube.ide.mcu.externaltools.gnu-tools-for-stm32.10.3-2021.10.win32_1.0.200.202301161003/tools/bin/../lib/gcc/arm-none-eabi/10.3.1/thumb/v7e-m+fp/hard/crtbegin.o
                [!provide]                        PROVIDE (__fini_array_end = .)
                0x000000000800908c                . = ALIGN (0x4)
                0x000000000800908c                _sidata = LOADADDR (.data)

.data           0x0000000020000000     0x27ec load address 0x000000000800908c
                0x0000000020000000                . = ALIGN (0x4)
                0x0000000020000000                _sdata = .
 *(.data)
 *(.data*)
 .data.UartScreen
                0x0000000020000000        0x1 ./Core/Src/Carl.o
                0x0000000020000000                UartScreen
 *fill*         0x0000000020000001        0x1 
 .data.Xvalue   0x0000000020000002        0x2 ./Core/Src/Carl.o
                0x0000000020000002                Xvalue
 .data.Yvalue   0x0000000020000004        0x2 ./Core/Src/Carl.o
                0x0000000020000004                Yvalue
 .data.Display_width
                0x0000000020000006        0x2 ./Core/Src/CarlDisplay.o
                0x0000000020000006                Display_width
 .data.Display_height
                0x0000000020000008        0x2 ./Core/Src/CarlDisplay.o
                0x0000000020000008                Display_height
 *fill*         0x000000002000000a        0x2 
 .data.geheugen
                0x000000002000000c     0x2710 ./Core/Src/CarlIR.o
                0x000000002000000c                geheugen
 .data.lengte_signaal
                0x000000002000271c       0x60 ./Core/Src/CarlIR.o
                0x000000002000271c                lengte_signaal
 .data.SystemCoreClock
                0x000000002000277c        0x4 ./Core/Src/system_stm32f3xx.o
                0x000000002000277c                SystemCoreClock
 .data.uwTickPrio
                0x0000000020002780        0x4 ./Drivers/STM32F3xx_HAL_Driver/Src/stm32f3xx_hal.o
                0x0000000020002780                uwTickPrio
 .data.uwTickFreq
                0x0000000020002784        0x1 ./Drivers/STM32F3xx_HAL_Driver/Src/stm32f3xx_hal.o
                0x0000000020002784                uwTickFreq
 *fill*         0x0000000020002785        0x3 
 .data._impure_ptr
                0x0000000020002788        0x4 c:/st/stm32cubeide_1.12.1/stm32cubeide/plugins/com.st.stm32cube.ide.mcu.externaltools.gnu-tools-for-stm32.10.3-2021.10.win32_1.0.200.202301161003/tools/bin/../lib/gcc/arm-none-eabi/10.3.1/../../../../arm-none-eabi/lib/thumb/v7e-m+fp/hard\libc_nano.a(lib_a-impure.o)
                0x0000000020002788                _impure_ptr
 .data.impure_data
                0x000000002000278c       0x60 c:/st/stm32cubeide_1.12.1/stm32cubeide/plugins/com.st.stm32cube.ide.mcu.externaltools.gnu-tools-for-stm32.10.3-2021.10.win32_1.0.200.202301161003/tools/bin/../lib/gcc/arm-none-eabi/10.3.1/../../../../arm-none-eabi/lib/thumb/v7e-m+fp/hard\libc_nano.a(lib_a-impure.o)
 *(.RamFunc)
 *(.RamFunc*)
                0x00000000200027ec                . = ALIGN (0x4)
                0x00000000200027ec                _edata = .

.igot.plt       0x00000000200027ec        0x0 load address 0x000000000800b878
 .igot.plt      0x00000000200027ec        0x0 c:/st/stm32cubeide_1.12.1/stm32cubeide/plugins/com.st.stm32cube.ide.mcu.externaltools.gnu-tools-for-stm32.10.3-2021.10.win32_1.0.200.202301161003/tools/bin/../lib/gcc/arm-none-eabi/10.3.1/thumb/v7e-m+fp/hard/crtbegin.o
                0x00000000200027ec                . = ALIGN (0x4)

.bss            0x00000000200027ec      0x660 load address 0x000000000800b878
                0x00000000200027ec                _sbss = .
                0x00000000200027ec                __bss_start__ = _sbss
 *(.bss)
 .bss           0x00000000200027ec       0x1c c:/st/stm32cubeide_1.12.1/stm32cubeide/plugins/com.st.stm32cube.ide.mcu.externaltools.gnu-tools-for-stm32.10.3-2021.10.win32_1.0.200.202301161003/tools/bin/../lib/gcc/arm-none-eabi/10.3.1/thumb/v7e-m+fp/hard/crtbegin.o
 *(.bss*)
 .bss.device    0x0000000020002808        0x1 ./Core/Src/Carl.o
                0x0000000020002808                device
 .bss.OldDevice
                0x0000000020002809        0x1 ./Core/Src/Carl.o
                0x0000000020002809                OldDevice
 .bss.button    0x000000002000280a        0x1 ./Core/Src/Carl.o
                0x000000002000280a                button
 .bss.aanraak   0x000000002000280b        0x1 ./Core/Src/Carl.o
                0x000000002000280b                aanraak
 .bss.OldX      0x000000002000280c        0x2 ./Core/Src/Carl.o
                0x000000002000280c                OldX
 .bss.OldY      0x000000002000280e        0x2 ./Core/Src/Carl.o
                0x000000002000280e                OldY
 .bss.pulsecounter
                0x0000000020002810        0x2 ./Core/Src/CarlIR.o
                0x0000000020002810                pulsecounter
 .bss.IR_READ_flag
                0x0000000020002812        0x1 ./Core/Src/CarlIR.o
                0x0000000020002812                IR_READ_flag
 *fill*         0x0000000020002813        0x1 
 .bss.lengte    0x0000000020002814        0x2 ./Core/Src/CarlIR.o
                0x0000000020002814                lengte
 *fill*         0x0000000020002816        0x2 
 .bss.tijd      0x0000000020002818      0x3e8 ./Core/Src/CarlIR.o
                0x0000000020002818                tijd
 .bss.commando  0x0000000020002c00        0x1 ./Core/Src/CarlIR.o
                0x0000000020002c00                commando
 *fill*         0x0000000020002c01        0x1 
 .bss.eerste_flank
                0x0000000020002c02        0x2 ./Core/Src/CarlIR.o
                0x0000000020002c02                eerste_flank
 .bss.eerste_flank_plus_2sec
                0x0000000020002c04        0x4 ./Core/Src/CarlIR.o
                0x0000000020002c04                eerste_flank_plus_2sec
 .bss.IR_Done   0x0000000020002c08        0x1 ./Core/Src/CarlIR.o
                0x0000000020002c08                IR_Done
 .bss.IR_ReadMark
                0x0000000020002c09        0x1 ./Core/Src/CarlIR.o
                0x0000000020002c09                IR_ReadMark
 *fill*         0x0000000020002c0a        0x2 
 .bss.IR_ReadMark_First_time
                0x0000000020002c0c        0x4 ./Core/Src/CarlIR.o
                0x0000000020002c0c                IR_ReadMark_First_time
 .bss.hi2c1     0x0000000020002c10       0x54 ./Core/Src/main.o
                0x0000000020002c10                hi2c1
 .bss.hspi2     0x0000000020002c64       0x64 ./Core/Src/main.o
                0x0000000020002c64                hspi2
 .bss.htim1     0x0000000020002cc8       0x4c ./Core/Src/main.o
                0x0000000020002cc8                htim1
 .bss.htim15    0x0000000020002d14       0x4c ./Core/Src/main.o
                0x0000000020002d14                htim15
 .bss.htim17    0x0000000020002d60       0x4c ./Core/Src/main.o
                0x0000000020002d60                htim17
 .bss.huart1    0x0000000020002dac       0x88 ./Core/Src/main.o
                0x0000000020002dac                huart1
 .bss.__sbrk_heap_end
                0x0000000020002e34        0x4 ./Core/Src/sysmem.o
 .bss.uwTick    0x0000000020002e38        0x4 ./Drivers/STM32F3xx_HAL_Driver/Src/stm32f3xx_hal.o
                0x0000000020002e38                uwTick
 .bss.__lock___malloc_recursive_mutex
                0x0000000020002e3c        0x1 c:/st/stm32cubeide_1.12.1/stm32cubeide/plugins/com.st.stm32cube.ide.mcu.externaltools.gnu-tools-for-stm32.10.3-2021.10.win32_1.0.200.202301161003/tools/bin/../lib/gcc/arm-none-eabi/10.3.1/../../../../arm-none-eabi/lib/thumb/v7e-m+fp/hard\libc_nano.a(lib_a-lock.o)
                0x0000000020002e3c                __lock___malloc_recursive_mutex
 .bss.__lock___sfp_recursive_mutex
                0x0000000020002e3d        0x1 c:/st/stm32cubeide_1.12.1/stm32cubeide/plugins/com.st.stm32cube.ide.mcu.externaltools.gnu-tools-for-stm32.10.3-2021.10.win32_1.0.200.202301161003/tools/bin/../lib/gcc/arm-none-eabi/10.3.1/../../../../arm-none-eabi/lib/thumb/v7e-m+fp/hard\libc_nano.a(lib_a-lock.o)
                0x0000000020002e3d                __lock___sfp_recursive_mutex
 .bss.__lock___sinit_recursive_mutex
                0x0000000020002e3e        0x1 c:/st/stm32cubeide_1.12.1/stm32cubeide/plugins/com.st.stm32cube.ide.mcu.externaltools.gnu-tools-for-stm32.10.3-2021.10.win32_1.0.200.202301161003/tools/bin/../lib/gcc/arm-none-eabi/10.3.1/../../../../arm-none-eabi/lib/thumb/v7e-m+fp/hard\libc_nano.a(lib_a-lock.o)
                0x0000000020002e3e                __lock___sinit_recursive_mutex
 *fill*         0x0000000020002e3f        0x1 
 .bss.__malloc_free_list
                0x0000000020002e40        0x4 c:/st/stm32cubeide_1.12.1/stm32cubeide/plugins/com.st.stm32cube.ide.mcu.externaltools.gnu-tools-for-stm32.10.3-2021.10.win32_1.0.200.202301161003/tools/bin/../lib/gcc/arm-none-eabi/10.3.1/../../../../arm-none-eabi/lib/thumb/v7e-m+fp/hard\libc_nano.a(lib_a-nano-mallocr.o)
                0x0000000020002e40                __malloc_free_list
 .bss.__malloc_sbrk_start
                0x0000000020002e44        0x4 c:/st/stm32cubeide_1.12.1/stm32cubeide/plugins/com.st.stm32cube.ide.mcu.externaltools.gnu-tools-for-stm32.10.3-2021.10.win32_1.0.200.202301161003/tools/bin/../lib/gcc/arm-none-eabi/10.3.1/../../../../arm-none-eabi/lib/thumb/v7e-m+fp/hard\libc_nano.a(lib_a-nano-mallocr.o)
                0x0000000020002e44                __malloc_sbrk_start
 .bss.errno     0x0000000020002e48        0x4 c:/st/stm32cubeide_1.12.1/stm32cubeide/plugins/com.st.stm32cube.ide.mcu.externaltools.gnu-tools-for-stm32.10.3-2021.10.win32_1.0.200.202301161003/tools/bin/../lib/gcc/arm-none-eabi/10.3.1/../../../../arm-none-eabi/lib/thumb/v7e-m+fp/hard\libc_nano.a(lib_a-reent.o)
                0x0000000020002e48                errno
 *(COMMON)
                0x0000000020002e4c                . = ALIGN (0x4)
                0x0000000020002e4c                _ebss = .
                0x0000000020002e4c                __bss_end__ = _ebss

._user_heap_stack
                0x0000000020002e4c      0x604 load address 0x000000000800b878
                0x0000000020002e50                . = ALIGN (0x8)
 *fill*         0x0000000020002e4c        0x4 
                [!provide]                        PROVIDE (end = .)
                0x0000000020002e50                PROVIDE (_end = .)
                0x0000000020003050                . = (. + _Min_Heap_Size)
 *fill*         0x0000000020002e50      0x200 
                0x0000000020003450                . = (. + _Min_Stack_Size)
 *fill*         0x0000000020003050      0x400 
                0x0000000020003450                . = ALIGN (0x8)

/DISCARD/
 libc.a(*)
 libm.a(*)
 libgcc.a(*)

.ARM.attributes
                0x0000000000000000       0x30
 *(.ARM.attributes)
 .ARM.attributes
                0x0000000000000000       0x1e c:/st/stm32cubeide_1.12.1/stm32cubeide/plugins/com.st.stm32cube.ide.mcu.externaltools.gnu-tools-for-stm32.10.3-2021.10.win32_1.0.200.202301161003/tools/bin/../lib/gcc/arm-none-eabi/10.3.1/thumb/v7e-m+fp/hard/crti.o
 .ARM.attributes
                0x000000000000001e       0x34 c:/st/stm32cubeide_1.12.1/stm32cubeide/plugins/com.st.stm32cube.ide.mcu.externaltools.gnu-tools-for-stm32.10.3-2021.10.win32_1.0.200.202301161003/tools/bin/../lib/gcc/arm-none-eabi/10.3.1/thumb/v7e-m+fp/hard/crtbegin.o
 .ARM.attributes
                0x0000000000000052       0x34 ./Core/Src/Carl.o
 .ARM.attributes
                0x0000000000000086       0x34 ./Core/Src/CarlDisplay.o
 .ARM.attributes
                0x00000000000000ba       0x34 ./Core/Src/CarlIR.o
 .ARM.attributes
                0x00000000000000ee       0x34 ./Core/Src/CarlTouch.o
 .ARM.attributes
                0x0000000000000122       0x34 ./Core/Src/CarlVibration.o
 .ARM.attributes
                0x0000000000000156       0x34 ./Core/Src/main.o
 .ARM.attributes
                0x000000000000018a       0x34 ./Core/Src/stm32f3xx_hal_msp.o
 .ARM.attributes
                0x00000000000001be       0x34 ./Core/Src/stm32f3xx_it.o
 .ARM.attributes
                0x00000000000001f2       0x34 ./Core/Src/syscalls.o
 .ARM.attributes
                0x0000000000000226       0x34 ./Core/Src/sysmem.o
 .ARM.attributes
                0x000000000000025a       0x34 ./Core/Src/system_stm32f3xx.o
 .ARM.attributes
                0x000000000000028e       0x21 ./Core/Startup/startup_stm32f301c8tx.o
 .ARM.attributes
                0x00000000000002af       0x34 ./Drivers/STM32F3xx_HAL_Driver/Src/stm32f3xx_hal.o
 .ARM.attributes
                0x00000000000002e3       0x34 ./Drivers/STM32F3xx_HAL_Driver/Src/stm32f3xx_hal_cortex.o
 .ARM.attributes
                0x0000000000000317       0x34 ./Drivers/STM32F3xx_HAL_Driver/Src/stm32f3xx_hal_gpio.o
 .ARM.attributes
                0x000000000000034b       0x34 ./Drivers/STM32F3xx_HAL_Driver/Src/stm32f3xx_hal_i2c.o
 .ARM.attributes
                0x000000000000037f       0x34 ./Drivers/STM32F3xx_HAL_Driver/Src/stm32f3xx_hal_i2c_ex.o
 .ARM.attributes
                0x00000000000003b3       0x34 ./Drivers/STM32F3xx_HAL_Driver/Src/stm32f3xx_hal_rcc.o
 .ARM.attributes
                0x00000000000003e7       0x34 ./Drivers/STM32F3xx_HAL_Driver/Src/stm32f3xx_hal_rcc_ex.o
 .ARM.attributes
                0x000000000000041b       0x34 ./Drivers/STM32F3xx_HAL_Driver/Src/stm32f3xx_hal_spi.o
 .ARM.attributes
                0x000000000000044f       0x34 ./Drivers/STM32F3xx_HAL_Driver/Src/stm32f3xx_hal_tim.o
 .ARM.attributes
                0x0000000000000483       0x34 ./Drivers/STM32F3xx_HAL_Driver/Src/stm32f3xx_hal_tim_ex.o
 .ARM.attributes
                0x00000000000004b7       0x34 ./Drivers/STM32F3xx_HAL_Driver/Src/stm32f3xx_hal_uart.o
 .ARM.attributes
                0x00000000000004eb       0x34 c:/st/stm32cubeide_1.12.1/stm32cubeide/plugins/com.st.stm32cube.ide.mcu.externaltools.gnu-tools-for-stm32.10.3-2021.10.win32_1.0.200.202301161003/tools/bin/../lib/gcc/arm-none-eabi/10.3.1/../../../../arm-none-eabi/lib/thumb/v7e-m+fp/hard\libc_nano.a(lib_a-errno.o)
 .ARM.attributes
                0x000000000000051f       0x34 c:/st/stm32cubeide_1.12.1/stm32cubeide/plugins/com.st.stm32cube.ide.mcu.externaltools.gnu-tools-for-stm32.10.3-2021.10.win32_1.0.200.202301161003/tools/bin/../lib/gcc/arm-none-eabi/10.3.1/../../../../arm-none-eabi/lib/thumb/v7e-m+fp/hard\libc_nano.a(lib_a-impure.o)
 .ARM.attributes
                0x0000000000000553       0x34 c:/st/stm32cubeide_1.12.1/stm32cubeide/plugins/com.st.stm32cube.ide.mcu.externaltools.gnu-tools-for-stm32.10.3-2021.10.win32_1.0.200.202301161003/tools/bin/../lib/gcc/arm-none-eabi/10.3.1/../../../../arm-none-eabi/lib/thumb/v7e-m+fp/hard\libc_nano.a(lib_a-init.o)
 .ARM.attributes
                0x0000000000000587       0x34 c:/st/stm32cubeide_1.12.1/stm32cubeide/plugins/com.st.stm32cube.ide.mcu.externaltools.gnu-tools-for-stm32.10.3-2021.10.win32_1.0.200.202301161003/tools/bin/../lib/gcc/arm-none-eabi/10.3.1/../../../../arm-none-eabi/lib/thumb/v7e-m+fp/hard\libc_nano.a(lib_a-memset.o)
 .ARM.attributes
                0x00000000000005bb       0x34 c:/st/stm32cubeide_1.12.1/stm32cubeide/plugins/com.st.stm32cube.ide.mcu.externaltools.gnu-tools-for-stm32.10.3-2021.10.win32_1.0.200.202301161003/tools/bin/../lib/gcc/arm-none-eabi/10.3.1/../../../../arm-none-eabi/lib/thumb/v7e-m+fp/hard\libc_nano.a(lib_a-printf.o)
 .ARM.attributes
                0x00000000000005ef       0x34 c:/st/stm32cubeide_1.12.1/stm32cubeide/plugins/com.st.stm32cube.ide.mcu.externaltools.gnu-tools-for-stm32.10.3-2021.10.win32_1.0.200.202301161003/tools/bin/../lib/gcc/arm-none-eabi/10.3.1/../../../../arm-none-eabi/lib/thumb/v7e-m+fp/hard\libc_nano.a(lib_a-puts.o)
 .ARM.attributes
                0x0000000000000623       0x34 c:/st/stm32cubeide_1.12.1/stm32cubeide/plugins/com.st.stm32cube.ide.mcu.externaltools.gnu-tools-for-stm32.10.3-2021.10.win32_1.0.200.202301161003/tools/bin/../lib/gcc/arm-none-eabi/10.3.1/../../../../arm-none-eabi/lib/thumb/v7e-m+fp/hard\libc_nano.a(lib_a-wbuf.o)
 .ARM.attributes
                0x0000000000000657       0x34 c:/st/stm32cubeide_1.12.1/stm32cubeide/plugins/com.st.stm32cube.ide.mcu.externaltools.gnu-tools-for-stm32.10.3-2021.10.win32_1.0.200.202301161003/tools/bin/../lib/gcc/arm-none-eabi/10.3.1/../../../../arm-none-eabi/lib/thumb/v7e-m+fp/hard\libc_nano.a(lib_a-wsetup.o)
 .ARM.attributes
                0x000000000000068b       0x34 c:/st/stm32cubeide_1.12.1/stm32cubeide/plugins/com.st.stm32cube.ide.mcu.externaltools.gnu-tools-for-stm32.10.3-2021.10.win32_1.0.200.202301161003/tools/bin/../lib/gcc/arm-none-eabi/10.3.1/../../../../arm-none-eabi/lib/thumb/v7e-m+fp/hard\libc_nano.a(lib_a-fflush.o)
 .ARM.attributes
                0x00000000000006bf       0x34 c:/st/stm32cubeide_1.12.1/stm32cubeide/plugins/com.st.stm32cube.ide.mcu.externaltools.gnu-tools-for-stm32.10.3-2021.10.win32_1.0.200.202301161003/tools/bin/../lib/gcc/arm-none-eabi/10.3.1/../../../../arm-none-eabi/lib/thumb/v7e-m+fp/hard\libc_nano.a(lib_a-findfp.o)
 .ARM.attributes
                0x00000000000006f3       0x34 c:/st/stm32cubeide_1.12.1/stm32cubeide/plugins/com.st.stm32cube.ide.mcu.externaltools.gnu-tools-for-stm32.10.3-2021.10.win32_1.0.200.202301161003/tools/bin/../lib/gcc/arm-none-eabi/10.3.1/../../../../arm-none-eabi/lib/thumb/v7e-m+fp/hard\libc_nano.a(lib_a-fwalk.o)
 .ARM.attributes
                0x0000000000000727       0x34 c:/st/stm32cubeide_1.12.1/stm32cubeide/plugins/com.st.stm32cube.ide.mcu.externaltools.gnu-tools-for-stm32.10.3-2021.10.win32_1.0.200.202301161003/tools/bin/../lib/gcc/arm-none-eabi/10.3.1/../../../../arm-none-eabi/lib/thumb/v7e-m+fp/hard\libc_nano.a(lib_a-lock.o)
 .ARM.attributes
                0x000000000000075b       0x34 c:/st/stm32cubeide_1.12.1/stm32cubeide/plugins/com.st.stm32cube.ide.mcu.externaltools.gnu-tools-for-stm32.10.3-2021.10.win32_1.0.200.202301161003/tools/bin/../lib/gcc/arm-none-eabi/10.3.1/../../../../arm-none-eabi/lib/thumb/v7e-m+fp/hard\libc_nano.a(lib_a-makebuf.o)
 .ARM.attributes
                0x000000000000078f       0x34 c:/st/stm32cubeide_1.12.1/stm32cubeide/plugins/com.st.stm32cube.ide.mcu.externaltools.gnu-tools-for-stm32.10.3-2021.10.win32_1.0.200.202301161003/tools/bin/../lib/gcc/arm-none-eabi/10.3.1/../../../../arm-none-eabi/lib/thumb/v7e-m+fp/hard\libc_nano.a(lib_a-nano-freer.o)
 .ARM.attributes
                0x00000000000007c3       0x34 c:/st/stm32cubeide_1.12.1/stm32cubeide/plugins/com.st.stm32cube.ide.mcu.externaltools.gnu-tools-for-stm32.10.3-2021.10.win32_1.0.200.202301161003/tools/bin/../lib/gcc/arm-none-eabi/10.3.1/../../../../arm-none-eabi/lib/thumb/v7e-m+fp/hard\libc_nano.a(lib_a-nano-mallocr.o)
 .ARM.attributes
                0x00000000000007f7       0x34 c:/st/stm32cubeide_1.12.1/stm32cubeide/plugins/com.st.stm32cube.ide.mcu.externaltools.gnu-tools-for-stm32.10.3-2021.10.win32_1.0.200.202301161003/tools/bin/../lib/gcc/arm-none-eabi/10.3.1/../../../../arm-none-eabi/lib/thumb/v7e-m+fp/hard\libc_nano.a(lib_a-nano-vfprintf.o)
 .ARM.attributes
                0x000000000000082b       0x34 c:/st/stm32cubeide_1.12.1/stm32cubeide/plugins/com.st.stm32cube.ide.mcu.externaltools.gnu-tools-for-stm32.10.3-2021.10.win32_1.0.200.202301161003/tools/bin/../lib/gcc/arm-none-eabi/10.3.1/../../../../arm-none-eabi/lib/thumb/v7e-m+fp/hard\libc_nano.a(lib_a-nano-vfprintf_i.o)
 .ARM.attributes
                0x000000000000085f       0x34 c:/st/stm32cubeide_1.12.1/stm32cubeide/plugins/com.st.stm32cube.ide.mcu.externaltools.gnu-tools-for-stm32.10.3-2021.10.win32_1.0.200.202301161003/tools/bin/../lib/gcc/arm-none-eabi/10.3.1/../../../../arm-none-eabi/lib/thumb/v7e-m+fp/hard\libc_nano.a(lib_a-sbrkr.o)
 .ARM.attributes
                0x0000000000000893       0x34 c:/st/stm32cubeide_1.12.1/stm32cubeide/plugins/com.st.stm32cube.ide.mcu.externaltools.gnu-tools-for-stm32.10.3-2021.10.win32_1.0.200.202301161003/tools/bin/../lib/gcc/arm-none-eabi/10.3.1/../../../../arm-none-eabi/lib/thumb/v7e-m+fp/hard\libc_nano.a(lib_a-stdio.o)
 .ARM.attributes
                0x00000000000008c7       0x34 c:/st/stm32cubeide_1.12.1/stm32cubeide/plugins/com.st.stm32cube.ide.mcu.externaltools.gnu-tools-for-stm32.10.3-2021.10.win32_1.0.200.202301161003/tools/bin/../lib/gcc/arm-none-eabi/10.3.1/../../../../arm-none-eabi/lib/thumb/v7e-m+fp/hard\libc_nano.a(lib_a-writer.o)
 .ARM.attributes
                0x00000000000008fb       0x34 c:/st/stm32cubeide_1.12.1/stm32cubeide/plugins/com.st.stm32cube.ide.mcu.externaltools.gnu-tools-for-stm32.10.3-2021.10.win32_1.0.200.202301161003/tools/bin/../lib/gcc/arm-none-eabi/10.3.1/../../../../arm-none-eabi/lib/thumb/v7e-m+fp/hard\libc_nano.a(lib_a-closer.o)
 .ARM.attributes
                0x000000000000092f       0x34 c:/st/stm32cubeide_1.12.1/stm32cubeide/plugins/com.st.stm32cube.ide.mcu.externaltools.gnu-tools-for-stm32.10.3-2021.10.win32_1.0.200.202301161003/tools/bin/../lib/gcc/arm-none-eabi/10.3.1/../../../../arm-none-eabi/lib/thumb/v7e-m+fp/hard\libc_nano.a(lib_a-fstatr.o)
 .ARM.attributes
                0x0000000000000963       0x34 c:/st/stm32cubeide_1.12.1/stm32cubeide/plugins/com.st.stm32cube.ide.mcu.externaltools.gnu-tools-for-stm32.10.3-2021.10.win32_1.0.200.202301161003/tools/bin/../lib/gcc/arm-none-eabi/10.3.1/../../../../arm-none-eabi/lib/thumb/v7e-m+fp/hard\libc_nano.a(lib_a-isattyr.o)
 .ARM.attributes
                0x0000000000000997       0x34 c:/st/stm32cubeide_1.12.1/stm32cubeide/plugins/com.st.stm32cube.ide.mcu.externaltools.gnu-tools-for-stm32.10.3-2021.10.win32_1.0.200.202301161003/tools/bin/../lib/gcc/arm-none-eabi/10.3.1/../../../../arm-none-eabi/lib/thumb/v7e-m+fp/hard\libc_nano.a(lib_a-lseekr.o)
 .ARM.attributes
                0x00000000000009cb       0x1c c:/st/stm32cubeide_1.12.1/stm32cubeide/plugins/com.st.stm32cube.ide.mcu.externaltools.gnu-tools-for-stm32.10.3-2021.10.win32_1.0.200.202301161003/tools/bin/../lib/gcc/arm-none-eabi/10.3.1/../../../../arm-none-eabi/lib/thumb/v7e-m+fp/hard\libc_nano.a(lib_a-memchr.o)
 .ARM.attributes
                0x00000000000009e7       0x34 c:/st/stm32cubeide_1.12.1/stm32cubeide/plugins/com.st.stm32cube.ide.mcu.externaltools.gnu-tools-for-stm32.10.3-2021.10.win32_1.0.200.202301161003/tools/bin/../lib/gcc/arm-none-eabi/10.3.1/../../../../arm-none-eabi/lib/thumb/v7e-m+fp/hard\libc_nano.a(lib_a-mlock.o)
 .ARM.attributes
                0x0000000000000a1b       0x34 c:/st/stm32cubeide_1.12.1/stm32cubeide/plugins/com.st.stm32cube.ide.mcu.externaltools.gnu-tools-for-stm32.10.3-2021.10.win32_1.0.200.202301161003/tools/bin/../lib/gcc/arm-none-eabi/10.3.1/../../../../arm-none-eabi/lib/thumb/v7e-m+fp/hard\libc_nano.a(lib_a-readr.o)
 .ARM.attributes
                0x0000000000000a4f       0x34 c:/st/stm32cubeide_1.12.1/stm32cubeide/plugins/com.st.stm32cube.ide.mcu.externaltools.gnu-tools-for-stm32.10.3-2021.10.win32_1.0.200.202301161003/tools/bin/../lib/gcc/arm-none-eabi/10.3.1/../../../../arm-none-eabi/lib/thumb/v7e-m+fp/hard\libc_nano.a(lib_a-reent.o)
 .ARM.attributes
                0x0000000000000a83       0x1e c:/st/stm32cubeide_1.12.1/stm32cubeide/plugins/com.st.stm32cube.ide.mcu.externaltools.gnu-tools-for-stm32.10.3-2021.10.win32_1.0.200.202301161003/tools/bin/../lib/gcc/arm-none-eabi/10.3.1/thumb/v7e-m+fp/hard/crtn.o
OUTPUT(RemoteTestIR.elf elf32-littlearm)
LOAD linker stubs
LOAD c:/st/stm32cubeide_1.12.1/stm32cubeide/plugins/com.st.stm32cube.ide.mcu.externaltools.gnu-tools-for-stm32.10.3-2021.10.win32_1.0.200.202301161003/tools/bin/../lib/gcc/arm-none-eabi/10.3.1/../../../../arm-none-eabi/lib/thumb/v7e-m+fp/hard\libc.a
LOAD c:/st/stm32cubeide_1.12.1/stm32cubeide/plugins/com.st.stm32cube.ide.mcu.externaltools.gnu-tools-for-stm32.10.3-2021.10.win32_1.0.200.202301161003/tools/bin/../lib/gcc/arm-none-eabi/10.3.1/../../../../arm-none-eabi/lib/thumb/v7e-m+fp/hard\libm.a
LOAD c:/st/stm32cubeide_1.12.1/stm32cubeide/plugins/com.st.stm32cube.ide.mcu.externaltools.gnu-tools-for-stm32.10.3-2021.10.win32_1.0.200.202301161003/tools/bin/../lib/gcc/arm-none-eabi/10.3.1/thumb/v7e-m+fp/hard\libgcc.a

.debug_info     0x0000000000000000    0x166e5
 .debug_info    0x0000000000000000      0x5c2 ./Core/Src/Carl.o
 .debug_info    0x00000000000005c2      0xf68 ./Core/Src/CarlDisplay.o
 .debug_info    0x000000000000152a      0xa02 ./Core/Src/CarlIR.o
 .debug_info    0x0000000000001f2c      0xa3e ./Core/Src/CarlTouch.o
 .debug_info    0x000000000000296a      0x77c ./Core/Src/CarlVibration.o
 .debug_info    0x00000000000030e6     0x1c05 ./Core/Src/main.o
 .debug_info    0x0000000000004ceb     0x1582 ./Core/Src/stm32f3xx_hal_msp.o
 .debug_info    0x000000000000626d      0x16d ./Core/Src/stm32f3xx_it.o
 .debug_info    0x00000000000063da      0x6e0 ./Core/Src/syscalls.o
 .debug_info    0x0000000000006aba      0x171 ./Core/Src/sysmem.o
 .debug_info    0x0000000000006c2b      0x416 ./Core/Src/system_stm32f3xx.o
 .debug_info    0x0000000000007041       0x22 ./Core/Startup/startup_stm32f301c8tx.o
 .debug_info    0x0000000000007063      0x771 ./Drivers/STM32F3xx_HAL_Driver/Src/stm32f3xx_hal.o
 .debug_info    0x00000000000077d4      0xb1a ./Drivers/STM32F3xx_HAL_Driver/Src/stm32f3xx_hal_cortex.o
 .debug_info    0x00000000000082ee      0x68a ./Drivers/STM32F3xx_HAL_Driver/Src/stm32f3xx_hal_gpio.o
 .debug_info    0x0000000000008978     0x226b ./Drivers/STM32F3xx_HAL_Driver/Src/stm32f3xx_hal_i2c.o
 .debug_info    0x000000000000abe3      0x8ab ./Drivers/STM32F3xx_HAL_Driver/Src/stm32f3xx_hal_i2c_ex.o
 .debug_info    0x000000000000b48e     0x1585 ./Drivers/STM32F3xx_HAL_Driver/Src/stm32f3xx_hal_rcc.o
 .debug_info    0x000000000000ca13      0x5cb ./Drivers/STM32F3xx_HAL_Driver/Src/stm32f3xx_hal_rcc_ex.o
 .debug_info    0x000000000000cfde     0x178c ./Drivers/STM32F3xx_HAL_Driver/Src/stm32f3xx_hal_spi.o
 .debug_info    0x000000000000e76a     0x2cdb ./Drivers/STM32F3xx_HAL_Driver/Src/stm32f3xx_hal_tim.o
 .debug_info    0x0000000000011445     0x16a8 ./Drivers/STM32F3xx_HAL_Driver/Src/stm32f3xx_hal_tim_ex.o
 .debug_info    0x0000000000012aed     0x3bf8 ./Drivers/STM32F3xx_HAL_Driver/Src/stm32f3xx_hal_uart.o

.debug_abbrev   0x0000000000000000     0x2e8f
 .debug_abbrev  0x0000000000000000      0x1fe ./Core/Src/Carl.o
 .debug_abbrev  0x00000000000001fe      0x301 ./Core/Src/CarlDisplay.o
 .debug_abbrev  0x00000000000004ff      0x23e ./Core/Src/CarlIR.o
 .debug_abbrev  0x000000000000073d      0x209 ./Core/Src/CarlTouch.o
 .debug_abbrev  0x0000000000000946      0x1c2 ./Core/Src/CarlVibration.o
 .debug_abbrev  0x0000000000000b08      0x324 ./Core/Src/main.o
 .debug_abbrev  0x0000000000000e2c      0x22f ./Core/Src/stm32f3xx_hal_msp.o
 .debug_abbrev  0x000000000000105b       0xb7 ./Core/Src/stm32f3xx_it.o
 .debug_abbrev  0x0000000000001112      0x1b3 ./Core/Src/syscalls.o
 .debug_abbrev  0x00000000000012c5       0xbb ./Core/Src/sysmem.o
 .debug_abbrev  0x0000000000001380      0x116 ./Core/Src/system_stm32f3xx.o
 .debug_abbrev  0x0000000000001496       0x12 ./Core/Startup/startup_stm32f301c8tx.o
 .debug_abbrev  0x00000000000014a8      0x23f ./Drivers/STM32F3xx_HAL_Driver/Src/stm32f3xx_hal.o
 .debug_abbrev  0x00000000000016e7      0x2ed ./Drivers/STM32F3xx_HAL_Driver/Src/stm32f3xx_hal_cortex.o
 .debug_abbrev  0x00000000000019d4      0x1bb ./Drivers/STM32F3xx_HAL_Driver/Src/stm32f3xx_hal_gpio.o
 .debug_abbrev  0x0000000000001b8f      0x24a ./Drivers/STM32F3xx_HAL_Driver/Src/stm32f3xx_hal_i2c.o
 .debug_abbrev  0x0000000000001dd9      0x1b0 ./Drivers/STM32F3xx_HAL_Driver/Src/stm32f3xx_hal_i2c_ex.o
 .debug_abbrev  0x0000000000001f89      0x2f9 ./Drivers/STM32F3xx_HAL_Driver/Src/stm32f3xx_hal_rcc.o
 .debug_abbrev  0x0000000000002282      0x22d ./Drivers/STM32F3xx_HAL_Driver/Src/stm32f3xx_hal_rcc_ex.o
 .debug_abbrev  0x00000000000024af      0x254 ./Drivers/STM32F3xx_HAL_Driver/Src/stm32f3xx_hal_spi.o
 .debug_abbrev  0x0000000000002703      0x264 ./Drivers/STM32F3xx_HAL_Driver/Src/stm32f3xx_hal_tim.o
 .debug_abbrev  0x0000000000002967      0x26c ./Drivers/STM32F3xx_HAL_Driver/Src/stm32f3xx_hal_tim_ex.o
 .debug_abbrev  0x0000000000002bd3      0x2bc ./Drivers/STM32F3xx_HAL_Driver/Src/stm32f3xx_hal_uart.o

.debug_aranges  0x0000000000000000     0x1360
 .debug_aranges
                0x0000000000000000       0x48 ./Core/Src/Carl.o
 .debug_aranges
                0x0000000000000048       0xc0 ./Core/Src/CarlDisplay.o
 .debug_aranges
                0x0000000000000108       0x50 ./Core/Src/CarlIR.o
 .debug_aranges
                0x0000000000000158       0x38 ./Core/Src/CarlTouch.o
 .debug_aranges
                0x0000000000000190       0x30 ./Core/Src/CarlVibration.o
 .debug_aranges
                0x00000000000001c0       0x70 ./Core/Src/main.o
 .debug_aranges
                0x0000000000000230       0x78 ./Core/Src/stm32f3xx_hal_msp.o
 .debug_aranges
                0x00000000000002a8       0x68 ./Core/Src/stm32f3xx_it.o
 .debug_aranges
                0x0000000000000310       0xa8 ./Core/Src/syscalls.o
 .debug_aranges
                0x00000000000003b8       0x20 ./Core/Src/sysmem.o
 .debug_aranges
                0x00000000000003d8       0x28 ./Core/Src/system_stm32f3xx.o
 .debug_aranges
                0x0000000000000400       0x28 ./Core/Startup/startup_stm32f301c8tx.o
 .debug_aranges
                0x0000000000000428       0xe0 ./Drivers/STM32F3xx_HAL_Driver/Src/stm32f3xx_hal.o
 .debug_aranges
                0x0000000000000508      0x100 ./Drivers/STM32F3xx_HAL_Driver/Src/stm32f3xx_hal_cortex.o
 .debug_aranges
                0x0000000000000608       0x58 ./Drivers/STM32F3xx_HAL_Driver/Src/stm32f3xx_hal_gpio.o
 .debug_aranges
                0x0000000000000660      0x2a0 ./Drivers/STM32F3xx_HAL_Driver/Src/stm32f3xx_hal_i2c.o
 .debug_aranges
                0x0000000000000900       0x48 ./Drivers/STM32F3xx_HAL_Driver/Src/stm32f3xx_hal_i2c_ex.o
 .debug_aranges
                0x0000000000000948       0x88 ./Drivers/STM32F3xx_HAL_Driver/Src/stm32f3xx_hal_rcc.o
 .debug_aranges
                0x00000000000009d0       0x38 ./Drivers/STM32F3xx_HAL_Driver/Src/stm32f3xx_hal_rcc_ex.o
 .debug_aranges
                0x0000000000000a08      0x1d8 ./Drivers/STM32F3xx_HAL_Driver/Src/stm32f3xx_hal_spi.o
 .debug_aranges
                0x0000000000000be0      0x3e0 ./Drivers/STM32F3xx_HAL_Driver/Src/stm32f3xx_hal_tim.o
 .debug_aranges
                0x0000000000000fc0      0x178 ./Drivers/STM32F3xx_HAL_Driver/Src/stm32f3xx_hal_tim_ex.o
 .debug_aranges
                0x0000000000001138      0x228 ./Drivers/STM32F3xx_HAL_Driver/Src/stm32f3xx_hal_uart.o

.debug_ranges   0x0000000000000000     0x1258
 .debug_ranges  0x0000000000000000       0x38 ./Core/Src/Carl.o
 .debug_ranges  0x0000000000000038       0xe0 ./Core/Src/CarlDisplay.o
 .debug_ranges  0x0000000000000118       0x40 ./Core/Src/CarlIR.o
 .debug_ranges  0x0000000000000158       0x28 ./Core/Src/CarlTouch.o
 .debug_ranges  0x0000000000000180       0x20 ./Core/Src/CarlVibration.o
 .debug_ranges  0x00000000000001a0       0x60 ./Core/Src/main.o
 .debug_ranges  0x0000000000000200       0x68 ./Core/Src/stm32f3xx_hal_msp.o
 .debug_ranges  0x0000000000000268       0x58 ./Core/Src/stm32f3xx_it.o
 .debug_ranges  0x00000000000002c0       0x98 ./Core/Src/syscalls.o
 .debug_ranges  0x0000000000000358       0x10 ./Core/Src/sysmem.o
 .debug_ranges  0x0000000000000368       0x18 ./Core/Src/system_stm32f3xx.o
 .debug_ranges  0x0000000000000380       0x20 ./Core/Startup/startup_stm32f301c8tx.o
 .debug_ranges  0x00000000000003a0       0xd0 ./Drivers/STM32F3xx_HAL_Driver/Src/stm32f3xx_hal.o
 .debug_ranges  0x0000000000000470       0xf0 ./Drivers/STM32F3xx_HAL_Driver/Src/stm32f3xx_hal_cortex.o
 .debug_ranges  0x0000000000000560       0x48 ./Drivers/STM32F3xx_HAL_Driver/Src/stm32f3xx_hal_gpio.o
 .debug_ranges  0x00000000000005a8      0x290 ./Drivers/STM32F3xx_HAL_Driver/Src/stm32f3xx_hal_i2c.o
 .debug_ranges  0x0000000000000838       0x38 ./Drivers/STM32F3xx_HAL_Driver/Src/stm32f3xx_hal_i2c_ex.o
 .debug_ranges  0x0000000000000870       0x78 ./Drivers/STM32F3xx_HAL_Driver/Src/stm32f3xx_hal_rcc.o
 .debug_ranges  0x00000000000008e8       0x28 ./Drivers/STM32F3xx_HAL_Driver/Src/stm32f3xx_hal_rcc_ex.o
 .debug_ranges  0x0000000000000910      0x1c8 ./Drivers/STM32F3xx_HAL_Driver/Src/stm32f3xx_hal_spi.o
 .debug_ranges  0x0000000000000ad8      0x3d0 ./Drivers/STM32F3xx_HAL_Driver/Src/stm32f3xx_hal_tim.o
 .debug_ranges  0x0000000000000ea8      0x168 ./Drivers/STM32F3xx_HAL_Driver/Src/stm32f3xx_hal_tim_ex.o
 .debug_ranges  0x0000000000001010      0x248 ./Drivers/STM32F3xx_HAL_Driver/Src/stm32f3xx_hal_uart.o

.debug_macro    0x0000000000000000    0x182b0
 .debug_macro   0x0000000000000000      0x219 ./Core/Src/Carl.o
 .debug_macro   0x0000000000000219      0xa78 ./Core/Src/Carl.o
 .debug_macro   0x0000000000000c91      0x15d ./Core/Src/Carl.o
 .debug_macro   0x0000000000000dee       0x2e ./Core/Src/Carl.o
 .debug_macro   0x0000000000000e1c       0x28 ./Core/Src/Carl.o
 .debug_macro   0x0000000000000e44       0x22 ./Core/Src/Carl.o
 .debug_macro   0x0000000000000e66       0x8e ./Core/Src/Carl.o
 .debug_macro   0x0000000000000ef4       0x51 ./Core/Src/Carl.o
 .debug_macro   0x0000000000000f45      0x103 ./Core/Src/Carl.o
 .debug_macro   0x0000000000001048       0x6a ./Core/Src/Carl.o
 .debug_macro   0x00000000000010b2      0x1df ./Core/Src/Carl.o
 .debug_macro   0x0000000000001291       0x1c ./Core/Src/Carl.o
 .debug_macro   0x00000000000012ad       0x22 ./Core/Src/Carl.o
 .debug_macro   0x00000000000012cf       0xd9 ./Core/Src/Carl.o
 .debug_macro   0x00000000000013a8      0xf07 ./Core/Src/Carl.o
 .debug_macro   0x00000000000022af     0xb11f ./Core/Src/Carl.o
 .debug_macro   0x000000000000d3ce       0x6d ./Core/Src/Carl.o
 .debug_macro   0x000000000000d43b     0x3558 ./Core/Src/Carl.o
 .debug_macro   0x0000000000010993      0x174 ./Core/Src/Carl.o
 .debug_macro   0x0000000000010b07       0x55 ./Core/Src/Carl.o
 .debug_macro   0x0000000000010b5c      0x8f8 ./Core/Src/Carl.o
 .debug_macro   0x0000000000011454      0x39d ./Core/Src/Carl.o
 .debug_macro   0x00000000000117f1      0x1b5 ./Core/Src/Carl.o
 .debug_macro   0x00000000000119a6      0x153 ./Core/Src/Carl.o
 .debug_macro   0x0000000000011af9      0x1d5 ./Core/Src/Carl.o
 .debug_macro   0x0000000000011cce      0x1bc ./Core/Src/Carl.o
 .debug_macro   0x0000000000011e8a       0x34 ./Core/Src/Carl.o
 .debug_macro   0x0000000000011ebe       0x3c ./Core/Src/Carl.o
 .debug_macro   0x0000000000011efa       0x57 ./Core/Src/Carl.o
 .debug_macro   0x0000000000011f51       0xc5 ./Core/Src/Carl.o
 .debug_macro   0x0000000000012016      0x19f ./Core/Src/Carl.o
 .debug_macro   0x00000000000121b5      0x22c ./Core/Src/Carl.o
 .debug_macro   0x00000000000123e1       0x5b ./Core/Src/Carl.o
 .debug_macro   0x000000000001243c       0xa5 ./Core/Src/Carl.o