../Core/Src/main.c:77:5:_write	32	static
../Core/Src/main.c:106:5:main	8	static
../Core/Src/main.c:160:6:SystemClock_Config	120	static
../Core/Src/main.c:212:13:MX_I2C1_Init	8	static
../Core/Src/main.c:260:13:MX_SPI2_Init	8	static
../Core/Src/main.c:300:13:MX_TIM1_Init	96	static
../Core/Src/main.c:370:13:MX_TIM15_Init	40	static
../Core/Src/main.c:416:13:MX_TIM17_Init	80	static
../Core/Src/main.c:479:13:MX_USART1_UART_Init	8	static
../Core/Src/main.c:514:13:MX_GPIO_Init	40	static
../Core/Src/main.c:563:6:Error_Handler	4	static,ignoring_inline_asm
